Component: ARM Compiler 5.06 update 3 (build 300) Tool: armlink [4d35c9]

==============================================================================

Section Cross References

    main.o(i.main) refers to key.o(i.key_init) for key_init
    main.o(i.main) refers to uart.o(i.UART_Init) for UART_Init
    main.o(i.main) refers to adc.o(i.ADC_Init) for ADC_Init
    main.o(i.main) refers to oled.o(i.OLED_Init) for OLED_Init
    main.o(i.main) refers to ui.o(i.Main_UI) for Main_UI
    oled.o(i.Dly_ms) refers to aeabi_sdiv.o(.text) for __aeabi_uidivmod
    oled.o(i.Dly_ms) refers to oled.o(i.NVIC_SetPriority) for NVIC_SetPriority
    oled.o(i.Dly_ms) refers to system_lpc11xx.o(.data) for SystemCoreClock
    oled.o(i.Draw_BMP) refers to oled.o(i.OLED_Set_Pos) for OLED_Set_Pos
    oled.o(i.Draw_BMP) refers to oled.o(i.OLED_WrDat) for OLED_WrDat
    oled.o(i.OLED_CLS) refers to oled.o(i.OLED_WrCmd) for OLED_WrCmd
    oled.o(i.OLED_CLS) refers to oled.o(i.OLED_WrDat) for OLED_WrDat
    oled.o(i.OLED_DLY_ms) refers to aeabi_sdiv.o(.text) for __aeabi_idivmod
    oled.o(i.OLED_DLY_ms) refers to system_lpc11xx.o(.data) for SystemCoreClock
    oled.o(i.OLED_Fill) refers to oled.o(i.OLED_WrCmd) for OLED_WrCmd
    oled.o(i.OLED_Fill) refers to oled.o(i.OLED_WrDat) for OLED_WrDat
    oled.o(i.OLED_Img) refers to oled.o(i.Draw_BMP) for Draw_BMP
    oled.o(i.OLED_Img) refers to oled.o(.data) for templogo
    oled.o(i.OLED_Img) refers to oled.o(.bss) for blocklogo
    oled.o(i.OLED_Init) refers to oled.o(i.OLED_WrCmd) for OLED_WrCmd
    oled.o(i.OLED_Init) refers to oled.o(i.OLED_Fill) for OLED_Fill
    oled.o(i.OLED_Init) refers to oled.o(i.OLED_Set_Pos) for OLED_Set_Pos
    oled.o(i.OLED_P14x16Str) refers to oled.o(i.OLED_Set_Pos) for OLED_Set_Pos
    oled.o(i.OLED_P14x16Str) refers to oled.o(i.OLED_WrDat) for OLED_WrDat
    oled.o(i.OLED_P14x16Str) refers to oled.o(.constdata) for F14x16_Idx
    oled.o(i.OLED_P6x8Str) refers to oled.o(i.OLED_Set_Pos) for OLED_Set_Pos
    oled.o(i.OLED_P6x8Str) refers to oled.o(i.OLED_WrDat) for OLED_WrDat
    oled.o(i.OLED_P6x8Str) refers to oled.o(.constdata) for F6x8
    oled.o(i.OLED_P8x16Str) refers to oled.o(i.OLED_Set_Pos) for OLED_Set_Pos
    oled.o(i.OLED_P8x16Str) refers to oled.o(i.OLED_WrDat) for OLED_WrDat
    oled.o(i.OLED_P8x16Str) refers to oled.o(.constdata) for F8X16
    oled.o(i.OLED_Print) refers to oled.o(i.OLED_P14x16Str) for OLED_P14x16Str
    oled.o(i.OLED_Print) refers to oled.o(i.OLED_P6x8Str) for OLED_P6x8Str
    oled.o(i.OLED_PrintNum) refers to sprintf.o(.text) for sprintf
    oled.o(i.OLED_PrintNum) refers to oled.o(i.OLED_Print) for OLED_Print
    oled.o(i.OLED_PutPixel) refers to oled.o(i.OLED_WrCmd) for OLED_WrCmd
    oled.o(i.OLED_PutPixel) refers to oled.o(i.OLED_WrDat) for OLED_WrDat
    oled.o(i.OLED_Rectangle) refers to oled.o(i.OLED_Set_Pos) for OLED_Set_Pos
    oled.o(i.OLED_Rectangle) refers to oled.o(i.OLED_WrDat) for OLED_WrDat
    oled.o(i.OLED_Rectangle) refers to oled.o(i.OLED_DLY_ms) for OLED_DLY_ms
    oled.o(i.OLED_Set_Pos) refers to oled.o(i.OLED_WrCmd) for OLED_WrCmd
    adc.o(i.ADC_Init) refers to aeabi_sdiv.o(.text) for __aeabi_uidivmod
    adc.o(i.ADC_Init) refers to system_lpc11xx.o(.data) for SystemCoreClock
    uart.o(i.UART_Init) refers to aeabi_sdiv.o(.text) for __aeabi_uidivmod
    uart.o(i.UART_Init) refers to system_lpc11xx.o(.data) for SystemCoreClock
    uart.o(i.UART_SendStr) refers to uart.o(i.UART_SendByte) for UART_SendByte
    ui.o(i.KEY_Service) refers to delay.o(i.delay) for delay
    ui.o(i.KEY_Service) refers to ui.o(.data) for KEY_
    ui.o(i.Main_Menu) refers to rt_memcpy.o(.emb_text) for __aeabi_memcpy4
    ui.o(i.Main_Menu) refers to oled.o(i.OLED_CLS) for OLED_CLS
    ui.o(i.Main_Menu) refers to oled.o(i.OLED_P6x8Str) for OLED_P6x8Str
    ui.o(i.Main_Menu) refers to ui.o(i.KEY_Service) for KEY_Service
    ui.o(i.Main_Menu) refers to ui.o(.data) for AR
    ui.o(i.Main_UI) refers to ui.o(i.Main_Menu) for Main_Menu
    ui.o(i.Main_UI) refers to oled.o(i.OLED_CLS) for OLED_CLS
    ui.o(i.Main_UI) refers to temp.o(i.temp) for temp
    ui.o(i.Main_UI) refers to oled.o(i.OLED_P6x8Str) for OLED_P6x8Str
    temp.o(i.temp) refers to uart.o(i.UART_Init) for UART_Init
    temp.o(i.temp) refers to adc.o(i.ADC_Init) for ADC_Init
    temp.o(i.temp) refers to oled.o(i.OLED_Init) for OLED_Init
    temp.o(i.temp) refers to aeabi_sdiv.o(.text) for __aeabi_uidivmod
    temp.o(i.temp) refers to fflti.o(.text) for __aeabi_ui2f
    temp.o(i.temp) refers to fdiv.o(.text) for __aeabi_fdiv
    temp.o(i.temp) refers to faddsub.o(x$fpl$fadd) for __aeabi_fadd
    temp.o(i.temp) refers to f2d.o(.text) for __aeabi_f2d
    temp.o(i.temp) refers to sprintf.o(.text) for sprintf
    temp.o(i.temp) refers to uart.o(i.UART_SendStr) for UART_SendStr
    temp.o(i.temp) refers to oled.o(i.OLED_P6x8Str) for OLED_P6x8Str
    temp.o(i.temp) refers to temp.o(.bss) for GcRcvBuf
    key.o(i.key_get) refers to delay.o(i.delay) for delay
[...]
    rtexit2.o(.ARM.Collect$$rtexit$$00000004) refers to sys_exit.o(.text) for _sys_exit
    rtexit2.o(.ARM.exidx) refers to rtexit2.o(.ARM.Collect$$rtexit$$00000001) for .ARM.Collect$$rtexit$$00000001
    rtexit2.o(.ARM.exidx) refers to rtexit2.o(.ARM.Collect$$rtexit$$00000003) for .ARM.Collect$$rtexit$$00000003
    rtexit2.o(.ARM.exidx) refers to rtexit2.o(.ARM.Collect$$rtexit$$00000004) for .ARM.Collect$$rtexit$$00000004
    __raise.o(.text) refers to defsig.o(CL$$defsig) for __default_signal_handler
    defsig_general.o(.text) refers to sys_wrch.o(.text) for _ttywrch
    sys_wrch.o(.text) refers (Special) to use_no_semi.o(.text) for __I$use$semihosting
    sys_wrch.o(.text) refers (Special) to indicate_semi.o(.text) for __semihosting_library_function
    defsig.o(CL$$defsig) refers to defsig_fpe_inner.o(.text) for __rt_SIGFPE_inner
    defsig.o(CL$$defsig) refers to defsig_rtmem_inner.o(.text) for __rt_SIGRTMEM_inner
    _get_argv_nomalloc.o(.text) refers (Special) to hrguard.o(.text) for __heap_region$guard
    _get_argv_nomalloc.o(.text) refers to defsig_rtmem_outer.o(.text) for __rt_SIGRTMEM
    _get_argv_nomalloc.o(.text) refers to sys_command.o(.text) for _sys_command_string
    libshutdown.o(.ARM.Collect$$libshutdown$$00000000) refers (Special) to libshutdown2.o(.ARM.Collect$$libshutdown$$00000002) for __rt_lib_shutdown_cpp_1
    libshutdown.o(.ARM.Collect$$libshutdown$$00000000) refers (Special) to libshutdown2.o(.ARM.Collect$$libshutdown$$00000007) for __rt_lib_shutdown_fp_trap_1
    libshutdown.o(.ARM.Collect$$libshutdown$$00000000) refers (Special) to libshutdown2.o(.ARM.Collect$$libshutdown$$0000000F) for __rt_lib_shutdown_heap_1
    libshutdown.o(.ARM.Collect$$libshutdown$$00000000) refers (Special) to libshutdown2.o(.ARM.Collect$$libshutdown$$00000010) for __rt_lib_shutdown_return
    libshutdown.o(.ARM.Collect$$libshutdown$$00000000) refers (Special) to libshutdown2.o(.ARM.Collect$$libshutdown$$0000000A) for __rt_lib_shutdown_signal_1
    libshutdown.o(.ARM.Collect$$libshutdown$$00000000) refers (Special) to libshutdown2.o(.ARM.Collect$$libshutdown$$00000004) for __rt_lib_shutdown_stdio_1
    libshutdown.o(.ARM.Collect$$libshutdown$$00000000) refers (Special) to libshutdown2.o(.ARM.Collect$$libshutdown$$0000000C) for __rt_lib_shutdown_user_alloc_1
    sys_command.o(.text) refers (Special) to use_no_semi.o(.text) for __I$use$semihosting
    sys_command.o(.text) refers (Special) to indicate_semi.o(.text) for __semihosting_library_function
    defsig_abrt_inner.o(.text) refers to defsig_general.o(.text) for __default_signal_display
    defsig_rtred_inner.o(.text) refers to defsig_general.o(.text) for __default_signal_display
    defsig_rtmem_inner.o(.text) refers to defsig_general.o(.text) for __default_signal_display
    defsig_rtmem_outer.o(.text) refers to defsig_rtmem_inner.o(.text) for __rt_SIGRTMEM_inner
    defsig_rtmem_outer.o(.text) refers to defsig_exit.o(.text) for __sig_exit
    defsig_rtmem_formal.o(.text) refers to rt_raise.o(.text) for __rt_raise
    defsig_stak_inner.o(.text) refers to defsig_general.o(.text) for __default_signal_display
    defsig_pvfn_inner.o(.text) refers to defsig_general.o(.text) for __default_signal_display
    defsig_cppl_inner.o(.text) refers to defsig_general.o(.text) for __default_signal_display
    defsig_segv_inner.o(.text) refers to defsig_general.o(.text) for __default_signal_display
    defsig_other.o(.text) refers to defsig_general.o(.text) for __default_signal_display


==============================================================================

Removing Unused input sections from the image.

    Removing main.o(.rev16_text), (4 bytes).
    Removing main.o(.revsh_text), (4 bytes).
    Removing oled.o(.rev16_text), (4 bytes).
    Removing oled.o(.revsh_text), (4 bytes).
    Removing oled.o(i.Dly_ms), (100 bytes).
    Removing oled.o(i.Draw_BMP), (116 bytes).
    Removing oled.o(i.NVIC_SetPriority), (120 bytes).
    Removing oled.o(i.OLED_DLY_ms), (84 bytes).
    Removing oled.o(i.OLED_Img), (544 bytes).
    Removing oled.o(i.OLED_P14x16Str), (252 bytes).
    Removing oled.o(i.OLED_P8x16Str), (140 bytes).
    Removing oled.o(i.OLED_Print), (96 bytes).
    Removing oled.o(i.OLED_PrintNum), (40 bytes).
    Removing oled.o(i.OLED_PutPixel), (68 bytes).
    Removing oled.o(i.OLED_Rectangle), (128 bytes).
    Removing oled.o(.bss), (128 bytes).
    Removing oled.o(.data), (1984 bytes).
    Removing delay.o(.rev16_text), (4 bytes).
    Removing delay.o(.revsh_text), (4 bytes).
    Removing adc.o(.rev16_text), (4 bytes).
    Removing adc.o(.revsh_text), (4 bytes).
    Removing uart.o(.rev16_text), (4 bytes).
    Removing uart.o(.revsh_text), (4 bytes).
    Removing ui.o(.rev16_text), (4 bytes).
    Removing ui.o(.revsh_text), (4 bytes).
    Removing temp.o(.rev16_text), (4 bytes).
    Removing temp.o(.revsh_text), (4 bytes).
    Removing key.o(.rev16_text), (4 bytes).
    Removing key.o(.revsh_text), (4 bytes).
    Removing key.o(i.key_get), (148 bytes).
    Removing system_lpc11xx.o(.rev16_text), (4 bytes).
    Removing system_lpc11xx.o(.revsh_text), (4 bytes).
    Removing system_lpc11xx.o(i.SystemCoreClockUpdate), (440 bytes).
    Removing system_lpc11xx.o(i.__ARM_common_switch8), (28 bytes).

34 unused section(s) (total 4488 bytes) removed from the image.

==============================================================================

Image Symbol Table

    Local Symbols

    Symbol Name                              Value     Ov Type        Size  Object(Section)

    RESET                                    0x00000000   Section      192  startup_lpc11xx.o(RESET)
    ../clib/angel/boardlib.s                 0x00000000   Number         0  boardinit3.o ABSOLUTE
    ../clib/angel/boardlib.s                 0x00000000   Number         0  boardinit2.o ABSOLUTE
    ../clib/angel/boardlib.s                 0x00000000   Number         0  boardinit1.o ABSOLUTE
    ../clib/angel/boardlib.s                 0x00000000   Number         0  boardshut.o ABSOLUTE
    ../clib/angel/handlers.s                 0x00000000   Number         0  __scatter_zi.o ABSOLUTE
    ../clib/angel/handlers.s                 0x00000000   Number         0  __scatter_copy.o ABSOLUTE
    ../clib/angel/kernel.s                   0x00000000   Number         0  rtexit.o ABSOLUTE
    ../clib/angel/kernel.s                   0x00000000   Number         0  rtexit2.o ABSOLUTE
    ../clib/angel/kernel.s                   0x00000000   Number         0  __rtentry2.o ABSOLUTE
    ../clib/angel/kernel.s                   0x00000000   Number         0  __rtentry4.o ABSOLUTE
    ../clib/angel/kernel.s                   0x00000000   Number         0  __rtentry.o ABSOLUTE
    ../clib/angel/rt.s                       0x00000000   Number         0  rt_locale_intlibspace.o ABSOLUTE
    ../clib/angel/rt.s                       0x00000000   Number         0  rt_locale.o ABSOLUTE
    ../clib/angel/rt.s                       0x00000000   Number         0  rt_ctype_table.o ABSOLUTE
    ../clib/angel/rt.s                       0x00000000   Number         0  rt_div0.o ABSOLUTE
    ../clib/angel/rt.s                       0x00000000   Number         0  rt_raise.o ABSOLUTE
    ../clib/angel/rt.s                       0x00000000   Number         0  aeabi_idiv0.o ABSOLUTE
    ../clib/angel/rt.s                       0x00000000   Number         0  aeabi_idiv0_sigfpe.o ABSOLUTE
    ../clib/angel/scatterp.s                 0x00000000   Number         0  __scatter.o ABSOLUTE
    ../clib/angel/startup.s                  0x00000000   Number         0  __main.o ABSOLUTE
    ../clib/angel/sys.s                      0x00000000   Number         0  sys_stackheap_outer.o ABSOLUTE
    ../clib/angel/sys.s                      0x00000000   Number         0  indicate_semi.o ABSOLUTE
    ../clib/angel/sys.s                      0x00000000   Number         0  use_no_semi.o ABSOLUTE
    ../clib/angel/sys.s                      0x00000000   Number         0  tempstk.o ABSOLUTE
    ../clib/angel/sys.s                      0x00000000   Number         0  libspace.o ABSOLUTE
    ../clib/angel/sysapp.c                   0x00000000   Number         0  sys_exit.o ABSOLUTE
    ../clib/angel/sysapp.c                   0x00000000   Number         0  sys_command.o ABSOLUTE
    ../clib/angel/sysapp.c                   0x00000000   Number         0  sys_wrch.o ABSOLUTE
    ../clib/armsys.c                         0x00000000   Number         0  argv_veneer.o ABSOLUTE
    ../clib/armsys.c                         0x00000000   Number         0  no_argv.o ABSOLUTE
    ../clib/armsys.c                         0x00000000   Number         0  _get_argv_nomalloc.o ABSOLUTE
    ../clib/bigflt.c                         0x00000000   Number         0  bigflt0.o ABSOLUTE
    ../clib/btod.c                           0x00000000   Number         0  btod.o ABSOLUTE
    ../clib/division.c                       0x00000000   Number         0  lludiv10.o ABSOLUTE
    ../clib/division.c                       0x00000000   Number         0  rtudiv10.o ABSOLUTE
    ../clib/division.s                       0x00000000   Number         0  aeabi_sdiv.o ABSOLUTE
    ../clib/division.s                       0x00000000   Number         0  aeabi_sdiv_div0.o ABSOLUTE
    ../clib/heapalloc.c                      0x00000000   Number         0  hrguard.o ABSOLUTE
    ../clib/heapaux.c                        0x00000000   Number         0  heapauxi.o ABSOLUTE
    ../clib/libinit.s                        0x00000000   Number         0  libinit2.o ABSOLUTE
    ../clib/libinit.s                        0x00000000   Number         0  libshutdown2.o ABSOLUTE
    ../clib/libinit.s                        0x00000000   Number         0  libinit.o ABSOLUTE
    ../clib/libinit.s                        0x00000000   Number         0  libshutdown.o ABSOLUTE
    ../clib/locale.c                         0x00000000   Number         0  _wcrtomb.o ABSOLUTE
    ../clib/locale.s                         0x00000000   Number         0  lc_ctype_c.o ABSOLUTE
    ../clib/locale.s                         0x00000000   Number         0  lc_numeric_c.o ABSOLUTE
    ../clib/memcpset.c                       0x00000000   Number         0  rt_memcpy.o ABSOLUTE
    ../clib/memcpset.c                       0x00000000   Number         0  rt_memcpy.o ABSOLUTE
    ../clib/misc.s                           0x00000000   Number         0  printf_stubs.o ABSOLUTE
    ../clib/printf.c                         0x00000000   Number         0  _printf_hex_ll.o ABSOLUTE
    ../clib/printf.c                         0x00000000   Number         0  _printf_oct_int.o ABSOLUTE
    ../clib/printf.c                         0x00000000   Number         0  _printf_hex_int.o ABSOLUTE
    ../clib/printf.c                         0x00000000   Number         0  _printf_hex_ll_ptr.o ABSOLUTE
    ../clib/printf.c                         0x00000000   Number         0  _printf_oct_ll.o ABSOLUTE
    ../clib/printf.c                         0x00000000   Number         0  _printf_hex_int_ll.o ABSOLUTE
    ../clib/printf.c                         0x00000000   Number         0  _printf_hex_ptr.o ABSOLUTE
    ../clib/printf.c                         0x00000000   Number         0  _printf_longlong_dec.o ABSOLUTE
    ../clib/printf.c                         0x00000000   Number         0  _printf_hex_int_ptr.o ABSOLUTE
    ../clib/printf.c                         0x00000000   Number         0  sprintf.o ABSOLUTE
    ../clib/printf.c                         0x00000000   Number         0  _printf_fp_infnan.o ABSOLUTE
    ../clib/printf.c                         0x00000000   Number         0  _printf_dec.o ABSOLUTE
    ../clib/printf.c                         0x00000000   Number         0  _printf_wchar.o ABSOLUTE
    ../clib/printf.c                         0x00000000   Number         0  _printf_char.o ABSOLUTE
    ../clib/printf.c                         0x00000000   Number         0  __printf_nopercent.o ABSOLUTE
    ../clib/printf.c                         0x00000000   Number         0  __printf.o ABSOLUTE
    ../clib/printf.c                         0x00000000   Number         0  _printf_pad.o ABSOLUTE
    ../clib/printf.c                         0x00000000   Number         0  _printf_fp_hex.o ABSOLUTE
    ../clib/printf.c                         0x00000000   Number         0  _printf_truncate.o ABSOLUTE
    ../clib/printf.c                         0x00000000   Number         0  _printf_fp_dec.o ABSOLUTE
    ../clib/printf.c                         0x00000000   Number         0  _printf_str.o ABSOLUTE
    ../clib/printf.c                         0x00000000   Number         0  _printf_charcount.o ABSOLUTE
    ../clib/printf.c                         0x00000000   Number         0  _printf_intcommon.o ABSOLUTE
    ../clib/printf.c                         0x00000000   Number         0  _printf_char_common.o ABSOLUTE
    ../clib/printf.c                         0x00000000   Number         0  _sputc.o ABSOLUTE
    ../clib/printf.c                         0x00000000   Number         0  _printf_wctomb.o ABSOLUTE
    ../clib/printf.c                         0x00000000   Number         0  _printf_hex_int_ll_ptr.o ABSOLUTE
    ../clib/printf.c                         0x00000000   Number         0  __printf_flags.o ABSOLUTE
    ../clib/printf.c                         0x00000000   Number         0  __printf_ss.o ABSOLUTE
    ../clib/printf.c                         0x00000000   Number         0  __printf_flags_ss.o ABSOLUTE
    ../clib/printf.c                         0x00000000   Number         0  __printf_wp.o ABSOLUTE
    ../clib/printf.c                         0x00000000   Number         0  __printf_flags_wp.o ABSOLUTE
    ../clib/printf.c                         0x00000000   Number         0  __printf_ss_wp.o ABSOLUTE
    ../clib/printf.c                         0x00000000   Number         0  __printf_flags_ss_wp.o ABSOLUTE
    ../clib/printf.c                         0x00000000   Number         0  _printf_oct_int_ll.o ABSOLUTE
    ../clib/printf_percent.s                 0x00000000   Number         0  _printf_lli.o ABSOLUTE
    ../clib/printf_percent.s                 0x00000000   Number         0  _printf_e.o ABSOLUTE
    ../clib/printf_percent.s                 0x00000000   Number         0  _printf_i.o ABSOLUTE
    ../clib/printf_percent.s                 0x00000000   Number         0  _printf_ls.o ABSOLUTE
    ../clib/printf_percent.s                 0x00000000   Number         0  _printf_lc.o ABSOLUTE
    ../clib/printf_percent.s                 0x00000000   Number         0  _printf_l.o ABSOLUTE
    ../clib/printf_percent.s                 0x00000000   Number         0  _printf_llo.o ABSOLUTE
    ../clib/printf_percent.s                 0x00000000   Number         0  _printf_percent_end.o ABSOLUTE
    ../clib/printf_percent.s                 0x00000000   Number         0  _printf_s.o ABSOLUTE
    ../clib/printf_percent.s                 0x00000000   Number         0  _printf_c.o ABSOLUTE
    ../clib/printf_percent.s                 0x00000000   Number         0  _printf_f.o ABSOLUTE
    ../clib/printf_percent.s                 0x00000000   Number         0  _printf_ll.o ABSOLUTE
    ../clib/printf_percent.s                 0x00000000   Number         0  _printf_llu.o ABSOLUTE
    ../clib/printf_percent.s                 0x00000000   Number         0  _printf_d.o ABSOLUTE
    ../clib/printf_percent.s                 0x00000000   Number         0  _printf_o.o ABSOLUTE
    ../clib/printf_percent.s                 0x00000000   Number         0  _printf_lld.o ABSOLUTE
    ../clib/printf_percent.s                 0x00000000   Number         0  _printf_u.o ABSOLUTE
    ../clib/printf_percent.s                 0x00000000   Number         0  _printf_percent.o ABSOLUTE
    ../clib/printf_percent.s                 0x00000000   Number         0  _printf_a.o ABSOLUTE
    ../clib/printf_percent.s                 0x00000000   Number         0  _printf_g.o ABSOLUTE
    ../clib/printf_percent.s                 0x00000000   Number         0  _printf_n.o ABSOLUTE
    ../clib/printf_percent.s                 0x00000000   Number         0  _printf_x.o ABSOLUTE
    ../clib/printf_percent.s                 0x00000000   Number         0  _printf_llx.o ABSOLUTE
    ../clib/printf_percent.s                 0x00000000   Number         0  _printf_p.o ABSOLUTE
    ../clib/signal.c                         0x00000000   Number         0  defsig_general.o ABSOLUTE
    ../clib/signal.c                         0x00000000   Number         0  __raise.o ABSOLUTE
    ../clib/signal.c                         0x00000000   Number         0  defsig_segv_inner.o ABSOLUTE
    ../clib/signal.c                         0x00000000   Number         0  defsig_other.o ABSOLUTE
    ../clib/signal.c                         0x00000000   Number         0  defsig_fpe_inner.o ABSOLUTE
    ../clib/signal.c                         0x00000000   Number         0  defsig_exit.o ABSOLUTE
    ../clib/signal.c                         0x00000000   Number         0  defsig_fpe_formal.o ABSOLUTE
    ../clib/signal.c                         0x00000000   Number         0  defsig_fpe_outer.o ABSOLUTE
    ../clib/signal.c                         0x00000000   Number         0  defsig_rtmem_outer.o ABSOLUTE
    ../clib/signal.c                         0x00000000   Number         0  defsig_abrt_inner.o ABSOLUTE
    ../clib/signal.c                         0x00000000   Number         0  defsig_rtred_inner.o ABSOLUTE
    ../clib/signal.c                         0x00000000   Number         0  defsig_rtmem_inner.o ABSOLUTE
    ../clib/signal.c                         0x00000000   Number         0  defsig_rtmem_formal.o ABSOLUTE
    ../clib/signal.c                         0x00000000   Number         0  defsig_stak_inner.o ABSOLUTE
    ../clib/signal.c                         0x00000000   Number         0  defsig_pvfn_inner.o ABSOLUTE
    ../clib/signal.c                         0x00000000   Number         0  defsig_cppl_inner.o ABSOLUTE
    ../clib/signal.s                         0x00000000   Number         0  defsig.o ABSOLUTE
    ../clib/stdlib.c                         0x00000000   Number         0  exit.o ABSOLUTE
    ../clib/string.c                         0x00000000   Number         0  strcmp.o ABSOLUTE
    ../fplib/cfplib/f2d.c                    0x00000000   Number         0  f2d.o ABSOLUTE
    ../fplib/cfplib/fdiv.c                   0x00000000   Number         0  fdiv.o ABSOLUTE
    ../fplib/cfplib/fflt.c                   0x00000000   Number         0  fflti.o ABSOLUTE
    ../fplib/cfplib/fpinit.c                 0x00000000   Number         0  fpinit.o ABSOLUTE
    ../fplib/cfplib/ieee_status.c            0x00000000   Number         0  ieee_status.o ABSOLUTE
    ../fplib/faddsub6m.s                     0x00000000   Number         0  faddsub.o ABSOLUTE
    ../fplib/printf1.s                       0x00000000   Number         0  printf1.o ABSOLUTE
    ../fplib/printf2.s                       0x00000000   Number         0  printf2.o ABSOLUTE
    ../fplib/printf2a.s                      0x00000000   Number         0  printf2a.o ABSOLUTE
    ../fplib/printf2b.s                      0x00000000   Number         0  printf2b.o ABSOLUTE
    ../fplib/usenofp.s                       0x00000000   Number         0  usenofp.o ABSOLUTE
    ../mathlib/fpclassify.c                  0x00000000   Number         0  fpclassify.o ABSOLUTE
    ADC.c                                    0x00000000   Number         0  adc.o ABSOLUTE
    ADC.c                                    0x00000000   Number         0  adc.o ABSOLUTE
    Key.c                                    0x00000000   Number         0  key.o ABSOLUTE
    Key.c                                    0x00000000   Number         0  key.o ABSOLUTE
    RTE\Device\LPC1114FBD48_301\startup_LPC11xx.s 0x00000000   Number         0  startup_lpc11xx.o ABSOLUTE
    RTE\Device\LPC1114FBD48_301\system_LPC11xx.c 0x00000000   Number         0  system_lpc11xx.o ABSOLUTE
    RTE\\Device\\LPC1114FBD48_301\\system_LPC11xx.c 0x00000000   Number         0  system_lpc11xx.o ABSOLUTE
    dc.s                                     0x00000000   Number         0  dc.o ABSOLUTE
    delay.c                                  0x00000000   Number         0  delay.o ABSOLUTE
    delay.c                                  0x00000000   Number         0  delay.o ABSOLUTE
    main.c                                   0x00000000   Number         0  main.o ABSOLUTE
    main.c                                   0x00000000   Number         0  main.o ABSOLUTE
    oled.c                                   0x00000000   Number         0  oled.o ABSOLUTE
    oled.c                                   0x00000000   Number         0  oled.o ABSOLUTE
    temp.c                                   0x00000000   Number         0  temp.o ABSOLUTE
    temp.c                                   0x00000000   Number         0  temp.o ABSOLUTE
    uart.c                                   0x00000000   Number         0  uart.o ABSOLUTE
    uart.c                                   0x00000000   Number         0  uart.o ABSOLUTE
    ui.c                                     0x00000000   Number         0  ui.o ABSOLUTE
    ui.c                                     0x00000000   Number         0  ui.o ABSOLUTE
    !!!main                                  0x000000c0   Section        8  __main.o(!!!main)
    !!!scatter                               0x000000c8   Section       60  __scatter.o(!!!scatter)
    !!handler_copy                           0x00000104   Section       26  __scatter_copy.o(!!handler_copy)
    !!handler_zi                             0x00000120   Section       28  __scatter_zi.o(!!handler_zi)
    .ARM.Collect$$_printf_percent$$00000000  0x0000013c   Section        2  _printf_percent.o(.ARM.Collect$$_printf_percent$$00000000)
    .ARM.Collect$$_printf_percent$$00000001  0x0000013e   Section       10  _printf_n.o(.ARM.Collect$$_printf_percent$$00000001)
    .ARM.Collect$$_printf_percent$$00000002  0x00000148   Section       10  _printf_p.o(.ARM.Collect$$_printf_percent$$00000002)
    .ARM.Collect$$_printf_percent$$00000003  0x00000152   Section       10  _printf_f.o(.ARM.Collect$$_printf_percent$$00000003)
    .ARM.Collect$$_printf_percent$$00000004  0x0000015c   Section       10  _printf_e.o(.ARM.Collect$$_printf_percent$$00000004)
    .ARM.Collect$$_printf_percent$$00000005  0x00000166   Section       10  _printf_g.o(.ARM.Collect$$_printf_percent$$00000005)
    .ARM.Collect$$_printf_percent$$00000006  0x00000170   Section       10  _printf_a.o(.ARM.Collect$$_printf_percent$$00000006)
    .ARM.Collect$$_printf_percent$$00000007  0x0000017a   Section       10  _printf_ll.o(.ARM.Collect$$_printf_percent$$00000007)
    .ARM.Collect$$_printf_percent$$00000008  0x00000184   Section       10  _printf_i.o(.ARM.Collect$$_printf_percent$$00000008)
    .ARM.Collect$$_printf_percent$$00000009  0x0000018e   Section       10  _printf_d.o(.ARM.Collect$$_printf_percent$$00000009)
    .ARM.Collect$$_printf_percent$$0000000A  0x00000198   Section       10  _printf_u.o(.ARM.Collect$$_printf_percent$$0000000A)
    .ARM.Collect$$_printf_percent$$0000000B  0x000001a2   Section       10  _printf_o.o(.ARM.Collect$$_printf_percent$$0000000B)
    .ARM.Collect$$_printf_percent$$0000000C  0x000001ac   Section       10  _printf_x.o(.ARM.Collect$$_printf_percent$$0000000C)
    .ARM.Collect$$_printf_percent$$0000000D  0x000001b6   Section       10  _printf_lli.o(.ARM.Collect$$_printf_percent$$0000000D)
    .ARM.Collect$$_printf_percent$$0000000E  0x000001c0   Section       10  _printf_lld.o(.ARM.Collect$$_printf_percent$$0000000E)
    .ARM.Collect$$_printf_percent$$0000000F  0x000001ca   Section       10  _printf_llu.o(.ARM.Collect$$_printf_percent$$0000000F)
    .ARM.Collect$$_printf_percent$$00000010  0x000001d4   Section       10  _printf_llo.o(.ARM.Collect$$_printf_percent$$00000010)
    .ARM.Collect$$_printf_percent$$00000011  0x000001de   Section       10  _printf_llx.o(.ARM.Collect$$_printf_percent$$00000011)
    .ARM.Collect$$_printf_percent$$00000012  0x000001e8   Section       10  _printf_l.o(.ARM.Collect$$_printf_percent$$00000012)
    .ARM.Collect$$_printf_percent$$00000013  0x000001f2   Section       10  _printf_c.o(.ARM.Collect$$_printf_percent$$00000013)
    .ARM.Collect$$_printf_percent$$00000014  0x000001fc   Section       10  _printf_s.o(.ARM.Collect$$_printf_percent$$00000014)
    .ARM.Collect$$_printf_percent$$00000015  0x00000206   Section       10  _printf_lc.o(.ARM.Collect$$_printf_percent$$00000015)
    .ARM.Collect$$_printf_percent$$00000016  0x00000210   Section       10  _printf_ls.o(.ARM.Collect$$_printf_percent$$00000016)
    .ARM.Collect$$_printf_percent$$00000017  0x0000021a   Section        4  _printf_percent_end.o(.ARM.Collect$$_printf_percent$$00000017)
    .ARM.Collect$$libinit$$00000000          0x0000021e   Section        2  libinit.o(.ARM.Collect$$libinit$$00000000)
    .ARM.Collect$$libinit$$00000002          0x00000220   Section        0  libinit2.o(.ARM.Collect$$libinit$$00000002)
    .ARM.Collect$$libinit$$00000004          0x00000220   Section        0  libinit2.o(.ARM.Collect$$libinit$$00000004)
    .ARM.Collect$$libinit$$0000000A          0x00000220   Section        0  libinit2.o(.ARM.Collect$$libinit$$0000000A)
    .ARM.Collect$$libinit$$0000000C          0x00000220   Section        0  libinit2.o(.ARM.Collect$$libinit$$0000000C)
    .ARM.Collect$$libinit$$0000000E          0x00000220   Section        0  libinit2.o(.ARM.Collect$$libinit$$0000000E)
    .ARM.Collect$$libinit$$0000000F          0x00000220   Section        6  libinit2.o(.ARM.Collect$$libinit$$0000000F)
    .ARM.Collect$$libinit$$00000011          0x00000226   Section        0  libinit2.o(.ARM.Collect$$libinit$$00000011)
    .ARM.Collect$$libinit$$00000012          0x00000226   Section       12  libinit2.o(.ARM.Collect$$libinit$$00000012)
    .ARM.Collect$$libinit$$00000013          0x00000232   Section        0  libinit2.o(.ARM.Collect$$libinit$$00000013)
    .ARM.Collect$$libinit$$00000015          0x00000232   Section        0  libinit2.o(.ARM.Collect$$libinit$$00000015)
    .ARM.Collect$$libinit$$00000016          0x00000232   Section       10  libinit2.o(.ARM.Collect$$libinit$$00000016)
    .ARM.Collect$$libinit$$00000017          0x0000023c   Section        0  libinit2.o(.ARM.Collect$$libinit$$00000017)
    .ARM.Collect$$libinit$$00000019          0x0000023c   Section        0  libinit2.o(.ARM.Collect$$libinit$$00000019)
    .ARM.Collect$$libinit$$0000001B          0x0000023c   Section        0  libinit2.o(.ARM.Collect$$libinit$$0000001B)
    .ARM.Collect$$libinit$$0000001D          0x0000023c   Section        0  libinit2.o(.ARM.Collect$$libinit$$0000001D)
    .ARM.Collect$$libinit$$0000001F          0x0000023c   Section        0  libinit2.o(.ARM.Collect$$libinit$$0000001F)
    .ARM.Collect$$libinit$$00000021          0x0000023c   Section        0  libinit2.o(.ARM.Collect$$libinit$$00000021)
    .ARM.Collect$$libinit$$00000023          0x0000023c   Section        0  libinit2.o(.ARM.Collect$$libinit$$00000023)
    .ARM.Collect$$libinit$$00000025          0x0000023c   Section        0  libinit2.o(.ARM.Collect$$libinit$$00000025)
    .ARM.Collect$$libinit$$0000002C          0x0000023c   Section        0  libinit2.o(.ARM.Collect$$libinit$$0000002C)
    .ARM.Collect$$libinit$$0000002E          0x0000023c   Section        0  libinit2.o(.ARM.Collect$$libinit$$0000002E)
    .ARM.Collect$$libinit$$00000030          0x0000023c   Section        0  libinit2.o(.ARM.Collect$$libinit$$00000030)
    .ARM.Collect$$libinit$$00000032          0x0000023c   Section        0  libinit2.o(.ARM.Collect$$libinit$$00000032)
    .ARM.Collect$$libinit$$00000033          0x0000023c   Section        2  libinit2.o(.ARM.Collect$$libinit$$00000033)
    .ARM.Collect$$libshutdown$$00000000      0x0000023e   Section        2  libshutdown.o(.ARM.Collect$$libshutdown$$00000000)
    .ARM.Collect$$libshutdown$$00000002      0x00000240   Section        0  libshutdown2.o(.ARM.Collect$$libshutdown$$00000002)
    .ARM.Collect$$libshutdown$$00000004      0x00000240   Section        0  libshutdown2.o(.ARM.Collect$$libshutdown$$00000004)
    .ARM.Collect$$libshutdown$$00000007      0x00000240   Section        0  libshutdown2.o(.ARM.Collect$$libshutdown$$00000007)
    .ARM.Collect$$libshutdown$$0000000A      0x00000240   Section        0  libshutdown2.o(.ARM.Collect$$libshutdown$$0000000A)
    .ARM.Collect$$libshutdown$$0000000C      0x00000240   Section        0  libshutdown2.o(.ARM.Collect$$libshutdown$$0000000C)
    .ARM.Collect$$libshutdown$$0000000F      0x00000240   Section        0  libshutdown2.o(.ARM.Collect$$libshutdown$$0000000F)
    .ARM.Collect$$libshutdown$$00000010      0x00000240   Section        2  libshutdown2.o(.ARM.Collect$$libshutdown$$00000010)
    .ARM.Collect$$rtentry$$00000000          0x00000242   Section        0  __rtentry.o(.ARM.Collect$$rtentry$$00000000)
    .ARM.Collect$$rtentry$$00000002          0x00000242   Section        0  __rtentry2.o(.ARM.Collect$$rtentry$$00000002)
    .ARM.Collect$$rtentry$$00000004          0x00000242   Section        6  __rtentry4.o(.ARM.Collect$$rtentry$$00000004)
    .ARM.Collect$$rtentry$$00000009          0x00000248   Section        0  __rtentry2.o(.ARM.Collect$$rtentry$$00000009)
    .ARM.Collect$$rtentry$$0000000A          0x00000248   Section        4  __rtentry2.o(.ARM.Collect$$rtentry$$0000000A)
    .ARM.Collect$$rtentry$$0000000C          0x0000024c   Section        0  __rtentry2.o(.ARM.Collect$$rtentry$$0000000C)
    .ARM.Collect$$rtentry$$0000000D          0x0000024c   Section        8  __rtentry2.o(.ARM.Collect$$rtentry$$0000000D)
    .ARM.Collect$$rtexit$$00000000           0x00000254   Section        2  rtexit.o(.ARM.Collect$$rtexit$$00000000)
    .ARM.Collect$$rtexit$$00000002           0x00000256   Section        0  rtexit2.o(.ARM.Collect$$rtexit$$00000002)
    .ARM.Collect$$rtexit$$00000003           0x00000256   Section        4  rtexit2.o(.ARM.Collect$$rtexit$$00000003)
    .ARM.Collect$$rtexit$$00000004           0x0000025a   Section        6  rtexit2.o(.ARM.Collect$$rtexit$$00000004)
    .emb_text                                0x00000260   Section       56  rt_memcpy.o(.emb_text)
    .text                                    0x00000298   Section       52  startup_lpc11xx.o(.text)
    .text                                    0x000002cc   Section        0  sprintf.o(.text)
    .text                                    0x000002f8   Section        2  use_no_semi.o(.text)
    .text                                    0x000002fa   Section        0  indicate_semi.o(.text)
    x$fpl$usenofp                            0x000002fa   Section        0  usenofp.o(x$fpl$usenofp)
    .ARM.__at_0x02FC                         0x000002fc   Section        4  startup_lpc11xx.o(.ARM.__at_0x02FC)
    .text                                    0x00000300   Section      346  aeabi_sdiv.o(.text)
    .text                                    0x0000045a   Section        0  heapauxi.o(.text)
    .text                                    0x00000460   Section        0  f2d.o(.text)
    .text                                    0x000004b4   Section        0  fdiv.o(.text)
    .text                                    0x00000614   Section        0  fflti.o(.text)
    .text                                    0x00000672   Section        0  _printf_pad.o(.text)
    .text                                    0x000006c0   Section        0  _printf_truncate.o(.text)
    .text                                    0x000006e4   Section        0  _printf_str.o(.text)
    .text                                    0x00000738   Section        0  _printf_dec.o(.text)
    .text                                    0x000007a4   Section        0  _printf_charcount.o(.text)
    .text                                    0x000007cc   Section        0  _printf_char_common.o(.text)
    _printf_input_char                       0x000007cd   Thumb Code    10  _printf_char_common.o(.text)
    .text                                    0x000007fc   Section        0  _sputc.o(.text)
    .text                                    0x00000808   Section        0  _printf_wctomb.o(.text)
    .text                                    0x000008c4   Section        0  _printf_longlong_dec.o(.text)
    .text                                    0x00000934   Section        0  _printf_oct_int_ll.o(.text)
    _printf_longlong_oct_internal            0x00000935   Thumb Code     0  _printf_oct_int_ll.o(.text)
    .text                                    0x000009a4   Section        0  _printf_hex_int_ll_ptr.o(.text)
    _printf_hex_common                       0x000009a5   Thumb Code     0  _printf_hex_int_ll_ptr.o(.text)
    .text                                    0x00000a3c   Section        0  __printf_flags_ss_wp.o(.text)
    .text                                    0x00000bc4   Section        0  lludiv10.o(.text)
    .text                                    0x00000c3e   Section        0  _printf_intcommon.o(.text)
    .text                                    0x00000cf0   Section        0  _printf_fp_dec.o(.text)
    _fp_digits                               0x00000cf3   Thumb Code   408  _printf_fp_dec.o(.text)
    .text                                    0x00001104   Section        0  _printf_fp_hex.o(.text)
    .text                                    0x000013dc   Section        0  _printf_char.o(.text)
    .text                                    0x0000140a   Section        0  _printf_wchar.o(.text)
    .text                                    0x00001438   Section        0  _wcrtomb.o(.text)
    .text                                    0x00001478   Section        0  rtudiv10.o(.text)
    .text                                    0x000014a0   Section       62  sys_stackheap_outer.o(.text)
    .text                                    0x000014e0   Section       16  rt_ctype_table.o(.text)
    .text                                    0x000014f0   Section        8  rt_locale_intlibspace.o(.text)
    .text                                    0x000014f8   Section        0  _printf_fp_infnan.o(.text)
    .text                                    0x00001580   Section        0  bigflt0.o(.text)
    .text                                    0x00001648   Section        0  btod.o(.text)
    btod_internal_mul                        0x00001689   Thumb Code   456  btod.o(.text)
    btod_internal_div                        0x00001851   Thumb Code   494  btod.o(.text)
    .text                                    0x00001af0   Section        0  exit.o(.text)
    .text                                    0x00001b00   Section        8  libspace.o(.text)
    .text                                    0x00001b08   Section        0  strcmp.o(.text)
    .text                                    0x00001b90   Section        0  sys_exit.o(.text)
    i.ADC_Init                               0x00001b9c   Section        0  adc.o(i.ADC_Init)
    i.KEY_Service                            0x00001c10   Section        0  ui.o(i.KEY_Service)
    i.Main_Menu                              0x00001c78   Section        0  ui.o(i.Main_Menu)
    i.Main_UI                                0x00001e34   Section        0  ui.o(i.Main_UI)
    i.OLED_CLS                               0x00001ef4   Section        0  oled.o(i.OLED_CLS)
    i.OLED_Fill                              0x00001f2c   Section        0  oled.o(i.OLED_Fill)
    i.OLED_Init                              0x00001f68   Section        0  oled.o(i.OLED_Init)
    i.OLED_P6x8Str                           0x00002090   Section        0  oled.o(i.OLED_P6x8Str)
    i.OLED_Set_Pos                           0x000020f0   Section        0  oled.o(i.OLED_Set_Pos)
    i.OLED_WrCmd                             0x00002120   Section        0  oled.o(i.OLED_WrCmd)
    i.OLED_WrDat                             0x0000218c   Section        0  oled.o(i.OLED_WrDat)
    i.SystemInit                             0x000021f8   Section        0  system_lpc11xx.o(i.SystemInit)
    i.UART_Init                              0x00002298   Section        0  uart.o(i.UART_Init)
    i.UART_SendByte                          0x00002340   Section        0  uart.o(i.UART_SendByte)
    i.UART_SendStr                           0x00002358   Section        0  uart.o(i.UART_SendStr)
    i.__ARM_common_ll_muluu                  0x00002374   Section        0  btod.o(i.__ARM_common_ll_muluu)
    i.__ARM_fpclassify                       0x000023a4   Section        0  fpclassify.o(i.__ARM_fpclassify)
    i._is_digit                              0x000023d0   Section        0  __printf_wp.o(i._is_digit)
    i.delay                                  0x000023e0   Section        0  delay.o(i.delay)
    i.key_init                               0x000023f4   Section        0  key.o(i.key_init)
    i.main                                   0x0000242c   Section        0  main.o(i.main)
    i.temp                                   0x00002444   Section        0  temp.o(i.temp)
    locale$$code                             0x0000264c   Section       44  lc_numeric_c.o(locale$$code)
    locale$$code                             0x00002678   Section       44  lc_ctype_c.o(locale$$code)
    x$fpl$fadd                               0x000026a4   Section      140  faddsub.o(x$fpl$fadd)
    _fadd1                                   0x000026b1   Thumb Code     0  faddsub.o(x$fpl$fadd)
    x$fpl$fsub                               0x00002730   Section      208  faddsub.o(x$fpl$fsub)
    _fsub1                                   0x0000273d   Thumb Code     0  faddsub.o(x$fpl$fsub)
    x$fpl$printf1                            0x00002800   Section       16  printf1.o(x$fpl$printf1)
    x$fpl$printf2                            0x00002810   Section       16  printf2.o(x$fpl$printf2)
    .constdata                               0x00002820   Section     2463  oled.o(.constdata)
    .constdata                               0x000031bf   Section       64  fdiv.o(.constdata)
    fdiv_tab                                 0x000031bf   Data          64  fdiv.o(.constdata)
    .constdata                               0x00003200   Section        8  _printf_wctomb.o(.constdata)
    initial_mbstate                          0x00003200   Data           8  _printf_wctomb.o(.constdata)
    .constdata                               0x00003208   Section       40  _printf_hex_int_ll_ptr.o(.constdata)
    uc_hextab                                0x00003208   Data          20  _printf_hex_int_ll_ptr.o(.constdata)
    lc_hextab                                0x0000321c   Data          20  _printf_hex_int_ll_ptr.o(.constdata)
    .constdata                               0x00003230   Section       17  __printf_flags_ss_wp.o(.constdata)
    maptable                                 0x00003230   Data          17  __printf_flags_ss_wp.o(.constdata)
    .constdata                               0x00003241   Section       38  _printf_fp_hex.o(.constdata)
    lc_hextab                                0x00003241   Data          19  _printf_fp_hex.o(.constdata)
    uc_hextab                                0x00003254   Data          19  _printf_fp_hex.o(.constdata)
    .constdata                               0x00003268   Section      148  bigflt0.o(.constdata)
    tenpwrs_x                                0x00003268   Data          60  bigflt0.o(.constdata)
    tenpwrs_i                                0x000032a4   Data          64  bigflt0.o(.constdata)
    locale$$data                             0x0000331c   Section       28  lc_numeric_c.o(locale$$data)
    __lcnum_c_name                           0x00003320   Data           2  lc_numeric_c.o(locale$$data)
    __lcnum_c_start                          0x00003328   Data           0  lc_numeric_c.o(locale$$data)
    __lcnum_c_point                          0x00003334   Data           0  lc_numeric_c.o(locale$$data)
    __lcnum_c_thousands                      0x00003336   Data           0  lc_numeric_c.o(locale$$data)
    __lcnum_c_grouping                       0x00003337   Data           0  lc_numeric_c.o(locale$$data)
    locale$$data                             0x00003338   Section      272  lc_ctype_c.o(locale$$data)
    __lcnum_c_end                            0x00003338   Data           0  lc_numeric_c.o(locale$$data)
    __lcctype_c_name                         0x0000333c   Data           2  lc_ctype_c.o(locale$$data)
    __lcctype_c_start                        0x00003344   Data           0  lc_ctype_c.o(locale$$data)
    __lcctype_c_end                          0x00003448   Data           0  lc_ctype_c.o(locale$$data)
    .data                                    0x10000000   Section        8  ui.o(.data)
    Arrow                                    0x10000000   Data           1  ui.o(.data)
    KEY_                                     0x10000001   Data           1  ui.o(.data)
    .data                                    0x10000008   Section        4  system_lpc11xx.o(.data)
    .bss                                     0x1000000c   Section       20  temp.o(.bss)
    .bss                                     0x10000020   Section       96  libspace.o(.bss)
    HEAP                                     0x10000080   Section        0  startup_lpc11xx.o(HEAP)
    STACK                                    0x10000080   Section      512  startup_lpc11xx.o(STACK)
    Heap_Mem                                 0x10000080   Data           0  startup_lpc11xx.o(HEAP)
    Stack_Mem                                0x10000080   Data         512  startup_lpc11xx.o(STACK)
    __initial_sp                             0x10000280   Data           0  startup_lpc11xx.o(STACK)

    Global Symbols

    Symbol Name                              Value     Ov Type        Size  Object(Section)

    BuildAttributes$$THM_ISAv3M$S$PE$A:L22$X:L11$S22$IEEE1$IW$USESV6$~STKCKD$USESV7$~SHL$OTIME$ROPI$IEEEJ$EBA8$UX$STANDARDLIB$REQ8$PRES8$EABIv2 0x00000000   Number         0  anon$$obj.o ABSOLUTE
    __ARM_use_no_argv                        0x00000000   Number         0  main.o ABSOLUTE
    __Vectors                                0x00000000   Data           4  startup_lpc11xx.o(RESET)
    _printf_flags                            0x00000000   Number         0  printf_stubs.o ABSOLUTE
    _printf_return_value                     0x00000000   Number         0  printf_stubs.o ABSOLUTE
    _printf_sizespec                         0x00000000   Number         0  printf_stubs.o ABSOLUTE
    _printf_widthprec                        0x00000000   Number         0  printf_stubs.o ABSOLUTE
    __ARM_exceptions_init                     - Undefined Weak Reference
    __alloca_initialize                       - Undefined Weak Reference
    __arm_preinit_                            - Undefined Weak Reference
    __cpp_initialize__aeabi_                  - Undefined Weak Reference
    __cxa_finalize                            - Undefined Weak Reference
    __sigvec_lookup                           - Undefined Weak Reference
    _atexit_init                              - Undefined Weak Reference
    _call_atexit_fns                          - Undefined Weak Reference
    _clock_init                               - Undefined Weak Reference
    _fp_trap_init                             - Undefined Weak Reference
    _fp_trap_shutdown                         - Undefined Weak Reference
    _get_lc_collate                           - Undefined Weak Reference
    _get_lc_monetary                          - Undefined Weak Reference
    _get_lc_time                              - Undefined Weak Reference
    _getenv_init                              - Undefined Weak Reference
    _handle_redirection                       - Undefined Weak Reference
    _init_alloc                               - Undefined Weak Reference
    _init_user_alloc                          - Undefined Weak Reference
    _initio                                   - Undefined Weak Reference
    _printf_mbtowc                            - Undefined Weak Reference
    _printf_wc                                - Undefined Weak Reference
    _rand_init                                - Undefined Weak Reference
    _signal_finish                            - Undefined Weak Reference
    _signal_init                              - Undefined Weak Reference
    _terminate_alloc                          - Undefined Weak Reference
    _terminate_user_alloc                     - Undefined Weak Reference
    _terminateio                              - Undefined Weak Reference
    __main                                   0x000000c1   Thumb Code     8  __main.o(!!!main)
    __scatterload                            0x000000c9   Thumb Code     0  __scatter.o(!!!scatter)
    __scatterload_rt2                        0x000000c9   Thumb Code    52  __scatter.o(!!!scatter)
    __scatterload_rt2_thumb_only             0x000000c9   Thumb Code     0  __scatter.o(!!!scatter)
    __scatterload_null                       0x000000d9   Thumb Code     0  __scatter.o(!!!scatter)
    __scatterload_copy                       0x00000105   Thumb Code    26  __scatter_copy.o(!!handler_copy)
    __scatterload_zeroinit                   0x00000121   Thumb Code    28  __scatter_zi.o(!!handler_zi)
    _printf_percent                          0x0000013d   Thumb Code     0  _printf_percent.o(.ARM.Collect$$_printf_percent$$00000000)
    _printf_n                                0x0000013f   Thumb Code     0  _printf_n.o(.ARM.Collect$$_printf_percent$$00000001)
    _printf_p                                0x00000149   Thumb Code     0  _printf_p.o(.ARM.Collect$$_printf_percent$$00000002)
    _printf_f                                0x00000153   Thumb Code     0  _printf_f.o(.ARM.Collect$$_printf_percent$$00000003)
    _printf_e                                0x0000015d   Thumb Code     0  _printf_e.o(.ARM.Collect$$_printf_percent$$00000004)
    _printf_g                                0x00000167   Thumb Code     0  _printf_g.o(.ARM.Collect$$_printf_percent$$00000005)
    _printf_a                                0x00000171   Thumb Code     0  _printf_a.o(.ARM.Collect$$_printf_percent$$00000006)
    _printf_ll                               0x0000017b   Thumb Code     0  _printf_ll.o(.ARM.Collect$$_printf_percent$$00000007)
    _printf_i                                0x00000185   Thumb Code     0  _printf_i.o(.ARM.Collect$$_printf_percent$$00000008)
    _printf_d                                0x0000018f   Thumb Code     0  _printf_d.o(.ARM.Collect$$_printf_percent$$00000009)
    _printf_u                                0x00000199   Thumb Code     0  _printf_u.o(.ARM.Collect$$_printf_percent$$0000000A)
    _printf_o                                0x000001a3   Thumb Code     0  _printf_o.o(.ARM.Collect$$_printf_percent$$0000000B)
    _printf_x                                0x000001ad   Thumb Code     0  _printf_x.o(.ARM.Collect$$_printf_percent$$0000000C)
    _printf_lli                              0x000001b7   Thumb Code     0  _printf_lli.o(.ARM.Collect$$_printf_percent$$0000000D)
    _printf_lld                              0x000001c1   Thumb Code     0  _printf_lld.o(.ARM.Collect$$_printf_percent$$0000000E)
    _printf_llu                              0x000001cb   Thumb Code     0  _printf_llu.o(.ARM.Collect$$_printf_percent$$0000000F)
    _printf_llo                              0x000001d5   Thumb Code     0  _printf_llo.o(.ARM.Collect$$_printf_percent$$00000010)
    _printf_llx                              0x000001df   Thumb Code     0  _printf_llx.o(.ARM.Collect$$_printf_percent$$00000011)
    _printf_l                                0x000001e9   Thumb Code     0  _printf_l.o(.ARM.Collect$$_printf_percent$$00000012)
    _printf_c                                0x000001f3   Thumb Code     0  _printf_c.o(.ARM.Collect$$_printf_percent$$00000013)
    _printf_s                                0x000001fd   Thumb Code     0  _printf_s.o(.ARM.Collect$$_printf_percent$$00000014)
    _printf_lc                               0x00000207   Thumb Code     0  _printf_lc.o(.ARM.Collect$$_printf_percent$$00000015)
    _printf_ls                               0x00000211   Thumb Code     0  _printf_ls.o(.ARM.Collect$$_printf_percent$$00000016)
    _printf_percent_end                      0x0000021b   Thumb Code     0  _printf_percent_end.o(.ARM.Collect$$_printf_percent$$00000017)
    __rt_lib_init                            0x0000021f   Thumb Code     0  libinit.o(.ARM.Collect$$libinit$$00000000)
    __rt_lib_init_fp_1                       0x00000221   Thumb Code     0  libinit2.o(.ARM.Collect$$libinit$$00000002)
    __rt_lib_init_heap_1                     0x00000221   Thumb Code     0  libinit2.o(.ARM.Collect$$libinit$$0000000A)
    __rt_lib_init_lc_common                  0x00000221   Thumb Code     0  libinit2.o(.ARM.Collect$$libinit$$0000000F)
    __rt_lib_init_preinit_1                  0x00000221   Thumb Code     0  libinit2.o(.ARM.Collect$$libinit$$00000004)
    __rt_lib_init_rand_1                     0x00000221   Thumb Code     0  libinit2.o(.ARM.Collect$$libinit$$0000000E)
    __rt_lib_init_user_alloc_1               0x00000221   Thumb Code     0  libinit2.o(.ARM.Collect$$libinit$$0000000C)
    __rt_lib_init_lc_collate_1               0x00000227   Thumb Code     0  libinit2.o(.ARM.Collect$$libinit$$00000011)
    __rt_lib_init_lc_ctype_2                 0x00000227   Thumb Code     0  libinit2.o(.ARM.Collect$$libinit$$00000012)
    __rt_lib_init_lc_ctype_1                 0x00000233   Thumb Code     0  libinit2.o(.ARM.Collect$$libinit$$00000013)
    __rt_lib_init_lc_monetary_1              0x00000233   Thumb Code     0  libinit2.o(.ARM.Collect$$libinit$$00000015)
    __rt_lib_init_lc_numeric_2               0x00000233   Thumb Code     0  libinit2.o(.ARM.Collect$$libinit$$00000016)
    __rt_lib_init_alloca_1                   0x0000023d   Thumb Code     0  libinit2.o(.ARM.Collect$$libinit$$0000002E)
    __rt_lib_init_argv_1                     0x0000023d   Thumb Code     0  libinit2.o(.ARM.Collect$$libinit$$0000002C)
    __rt_lib_init_atexit_1                   0x0000023d   Thumb Code     0  libinit2.o(.ARM.Collect$$libinit$$0000001B)
    __rt_lib_init_clock_1                    0x0000023d   Thumb Code     0  libinit2.o(.ARM.Collect$$libinit$$00000021)
    __rt_lib_init_cpp_1                      0x0000023d   Thumb Code     0  libinit2.o(.ARM.Collect$$libinit$$00000032)
    __rt_lib_init_exceptions_1               0x0000023d   Thumb Code     0  libinit2.o(.ARM.Collect$$libinit$$00000030)
    __rt_lib_init_fp_trap_1                  0x0000023d   Thumb Code     0  libinit2.o(.ARM.Collect$$libinit$$0000001F)
    __rt_lib_init_getenv_1                   0x0000023d   Thumb Code     0  libinit2.o(.ARM.Collect$$libinit$$00000023)
    __rt_lib_init_lc_numeric_1               0x0000023d   Thumb Code     0  libinit2.o(.ARM.Collect$$libinit$$00000017)
    __rt_lib_init_lc_time_1                  0x0000023d   Thumb Code     0  libinit2.o(.ARM.Collect$$libinit$$00000019)
    __rt_lib_init_return                     0x0000023d   Thumb Code     0  libinit2.o(.ARM.Collect$$libinit$$00000033)
    __rt_lib_init_signal_1                   0x0000023d   Thumb Code     0  libinit2.o(.ARM.Collect$$libinit$$0000001D)
    __rt_lib_init_stdio_1                    0x0000023d   Thumb Code     0  libinit2.o(.ARM.Collect$$libinit$$00000025)
    __rt_lib_shutdown                        0x0000023f   Thumb Code     0  libshutdown.o(.ARM.Collect$$libshutdown$$00000000)
    __rt_lib_shutdown_cpp_1                  0x00000241   Thumb Code     0  libshutdown2.o(.ARM.Collect$$libshutdown$$00000002)
    __rt_lib_shutdown_fp_trap_1              0x00000241   Thumb Code     0  libshutdown2.o(.ARM.Collect$$libshutdown$$00000007)
    __rt_lib_shutdown_heap_1                 0x00000241   Thumb Code     0  libshutdown2.o(.ARM.Collect$$libshutdown$$0000000F)
    __rt_lib_shutdown_return                 0x00000241   Thumb Code     0  libshutdown2.o(.ARM.Collect$$libshutdown$$00000010)
    __rt_lib_shutdown_signal_1               0x00000241   Thumb Code     0  libshutdown2.o(.ARM.Collect$$libshutdown$$0000000A)
    __rt_lib_shutdown_stdio_1                0x00000241   Thumb Code     0  libshutdown2.o(.ARM.Collect$$libshutdown$$00000004)
    __rt_lib_shutdown_user_alloc_1           0x00000241   Thumb Code     0  libshutdown2.o(.ARM.Collect$$libshutdown$$0000000C)
    __rt_entry                               0x00000243   Thumb Code     0  __rtentry.o(.ARM.Collect$$rtentry$$00000000)
    __rt_entry_presh_1                       0x00000243   Thumb Code     0  __rtentry2.o(.ARM.Collect$$rtentry$$00000002)
    __rt_entry_sh                            0x00000243   Thumb Code     0  __rtentry4.o(.ARM.Collect$$rtentry$$00000004)
    __rt_entry_li                            0x00000249   Thumb Code     0  __rtentry2.o(.ARM.Collect$$rtentry$$0000000A)
    __rt_entry_postsh_1                      0x00000249   Thumb Code     0  __rtentry2.o(.ARM.Collect$$rtentry$$00000009)
    __rt_entry_main                          0x0000024d   Thumb Code     0  __rtentry2.o(.ARM.Collect$$rtentry$$0000000D)
    __rt_entry_postli_1                      0x0000024d   Thumb Code     0  __rtentry2.o(.ARM.Collect$$rtentry$$0000000C)
    __rt_exit                                0x00000255   Thumb Code     0  rtexit.o(.ARM.Collect$$rtexit$$00000000)
    __rt_exit_ls                             0x00000257   Thumb Code     0  rtexit2.o(.ARM.Collect$$rtexit$$00000003)
    __rt_exit_prels_1                        0x00000257   Thumb Code     0  rtexit2.o(.ARM.Collect$$rtexit$$00000002)
    __rt_exit_exit                           0x0000025b   Thumb Code     0  rtexit2.o(.ARM.Collect$$rtexit$$00000004)
    __aeabi_memcpy4                          0x00000261   Thumb Code    56  rt_memcpy.o(.emb_text)
    __aeabi_memcpy8                          0x00000261   Thumb Code     0  rt_memcpy.o(.emb_text)
    Reset_Handler                            0x00000299   Thumb Code     8  startup_lpc11xx.o(.text)
    NMI_Handler                              0x000002a1   Thumb Code     2  startup_lpc11xx.o(.text)
    HardFault_Handler                        0x000002a3   Thumb Code     2  startup_lpc11xx.o(.text)
    SVC_Handler                              0x000002a5   Thumb Code     2  startup_lpc11xx.o(.text)
    PendSV_Handler                           0x000002a7   Thumb Code     2  startup_lpc11xx.o(.text)
    SysTick_Handler                          0x000002a9   Thumb Code     2  startup_lpc11xx.o(.text)
    ADC_IRQHandler                           0x000002ab   Thumb Code     0  startup_lpc11xx.o(.text)
    BOD_IRQHandler                           0x000002ab   Thumb Code     0  startup_lpc11xx.o(.text)
    CAN_IRQHandler                           0x000002ab   Thumb Code     0  startup_lpc11xx.o(.text)
    FMC_IRQHandler                           0x000002ab   Thumb Code     0  startup_lpc11xx.o(.text)
    I2C_IRQHandler                           0x000002ab   Thumb Code     0  startup_lpc11xx.o(.text)
    PIOINT0_IRQHandler                       0x000002ab   Thumb Code     0  startup_lpc11xx.o(.text)
    PIOINT1_IRQHandler                       0x000002ab   Thumb Code     0  startup_lpc11xx.o(.text)
    PIOINT2_IRQHandler                       0x000002ab   Thumb Code     0  startup_lpc11xx.o(.text)
    PIOINT3_IRQHandler                       0x000002ab   Thumb Code     0  startup_lpc11xx.o(.text)
    SSP0_IRQHandler                          0x000002ab   Thumb Code     0  startup_lpc11xx.o(.text)
    SSP1_IRQHandler                          0x000002ab   Thumb Code     0  startup_lpc11xx.o(.text)
    TIMER16_0_IRQHandler                     0x000002ab   Thumb Code     0  startup_lpc11xx.o(.text)
    TIMER16_1_IRQHandler                     0x000002ab   Thumb Code     0  startup_lpc11xx.o(.text)
    TIMER32_0_IRQHandler                     0x000002ab   Thumb Code     0  startup_lpc11xx.o(.text)
    TIMER32_1_IRQHandler                     0x000002ab   Thumb Code     0  startup_lpc11xx.o(.text)
    UART_IRQHandler                          0x000002ab   Thumb Code     0  startup_lpc11xx.o(.text)
    USB_FIQHandler                           0x000002ab   Thumb Code     0  startup_lpc11xx.o(.text)
    USB_IRQHandler                           0x000002ab   Thumb Code     0  startup_lpc11xx.o(.text)
    WAKEUP_IRQHandler                        0x000002ab   Thumb Code     0  startup_lpc11xx.o(.text)
    WDT_IRQHandler                           0x000002ab   Thumb Code     0  startup_lpc11xx.o(.text)
    __user_initial_stackheap                 0x000002ad   Thumb Code     0  startup_lpc11xx.o(.text)
    sprintf                                  0x000002cd   Thumb Code    40  sprintf.o(.text)
    __I$use$semihosting                      0x000002f9   Thumb Code     0  use_no_semi.o(.text)
    __use_no_semihosting_swi                 0x000002f9   Thumb Code     2  use_no_semi.o(.text)
    __I$use$fp                               0x000002fa   Number         0  usenofp.o(x$fpl$usenofp)
    __semihosting_library_function           0x000002fb   Thumb Code     0  indicate_semi.o(.text)
    __aeabi_uidiv                            0x00000301   Thumb Code     0  aeabi_sdiv.o(.text)
    __aeabi_uidivmod                         0x00000301   Thumb Code    20  aeabi_sdiv.o(.text)
    __aeabi_idiv                             0x00000315   Thumb Code     0  aeabi_sdiv.o(.text)
    __aeabi_idivmod                          0x00000315   Thumb Code   326  aeabi_sdiv.o(.text)
    __use_two_region_memory                  0x0000045b   Thumb Code     2  heapauxi.o(.text)
    __rt_heap_escrow$2region                 0x0000045d   Thumb Code     2  heapauxi.o(.text)
    __rt_heap_expand$2region                 0x0000045f   Thumb Code     2  heapauxi.o(.text)
    __aeabi_f2d                              0x00000461   Thumb Code     0  f2d.o(.text)
    _f2d                                     0x00000461   Thumb Code    80  f2d.o(.text)
    __aeabi_fdiv                             0x000004b5   Thumb Code     0  fdiv.o(.text)
    _fdiv                                    0x000004b5   Thumb Code   334  fdiv.o(.text)
    _frdiv                                   0x00000603   Thumb Code     8  fdiv.o(.text)
    __aeabi_i2f_normalise                    0x00000615   Thumb Code    72  fflti.o(.text)
    __aeabi_i2f                              0x0000065d   Thumb Code    16  fflti.o(.text)
    _fflt                                    0x0000065d   Thumb Code     0  fflti.o(.text)
    __aeabi_ui2f                             0x0000066d   Thumb Code     6  fflti.o(.text)
    _ffltu                                   0x0000066d   Thumb Code     0  fflti.o(.text)
    _printf_pre_padding                      0x00000673   Thumb Code    44  _printf_pad.o(.text)
    _printf_post_padding                     0x0000069f   Thumb Code    34  _printf_pad.o(.text)
    _printf_truncate_signed                  0x000006c1   Thumb Code    18  _printf_truncate.o(.text)
    _printf_truncate_unsigned                0x000006d3   Thumb Code    18  _printf_truncate.o(.text)
    _printf_str                              0x000006e5   Thumb Code    82  _printf_str.o(.text)
    _printf_int_dec                          0x00000739   Thumb Code    90  _printf_dec.o(.text)
    _printf_charcount                        0x000007a5   Thumb Code    38  _printf_charcount.o(.text)
    _printf_char_common                      0x000007d7   Thumb Code    32  _printf_char_common.o(.text)
    _sputc                                   0x000007fd   Thumb Code    10  _sputc.o(.text)
    _printf_wctomb                           0x00000809   Thumb Code   182  _printf_wctomb.o(.text)
    _printf_longlong_dec                     0x000008c5   Thumb Code    94  _printf_longlong_dec.o(.text)
    _printf_longlong_oct                     0x00000935   Thumb Code    68  _printf_oct_int_ll.o(.text)
    _printf_int_oct                          0x00000979   Thumb Code    24  _printf_oct_int_ll.o(.text)
    _printf_ll_oct                           0x00000991   Thumb Code    10  _printf_oct_int_ll.o(.text)
    _printf_longlong_hex                     0x000009a5   Thumb Code    88  _printf_hex_int_ll_ptr.o(.text)
    _printf_int_hex                          0x000009fd   Thumb Code    28  _printf_hex_int_ll_ptr.o(.text)
    _printf_ll_hex                           0x00000a19   Thumb Code    10  _printf_hex_int_ll_ptr.o(.text)
    _printf_hex_ptr                          0x00000a23   Thumb Code    22  _printf_hex_int_ll_ptr.o(.text)
    __printf                                 0x00000a3d   Thumb Code   386  __printf_flags_ss_wp.o(.text)
    _ll_udiv10                               0x00000bc5   Thumb Code   122  lludiv10.o(.text)
    _printf_int_common                       0x00000c3f   Thumb Code   176  _printf_intcommon.o(.text)
    __lib_sel_fp_printf                      0x00000cf1   Thumb Code     2  _printf_fp_dec.o(.text)
    _printf_fp_dec_real                      0x00000e8b   Thumb Code   620  _printf_fp_dec.o(.text)
    _printf_fp_hex_real                      0x00001105   Thumb Code   718  _printf_fp_hex.o(.text)
    _printf_cs_common                        0x000013dd   Thumb Code    22  _printf_char.o(.text)
    _printf_char                             0x000013f3   Thumb Code    16  _printf_char.o(.text)
    _printf_string                           0x00001403   Thumb Code     8  _printf_char.o(.text)
    _printf_lcs_common                       0x0000140b   Thumb Code    22  _printf_wchar.o(.text)
    _printf_wchar                            0x00001421   Thumb Code    16  _printf_wchar.o(.text)
    _printf_wstring                          0x00001431   Thumb Code     8  _printf_wchar.o(.text)
    _wcrtomb                                 0x00001439   Thumb Code    64  _wcrtomb.o(.text)
    __rt_udiv10                              0x00001479   Thumb Code    40  rtudiv10.o(.text)
    __user_setup_stackheap                   0x000014a1   Thumb Code    62  sys_stackheap_outer.o(.text)
    __rt_ctype_table                         0x000014e1   Thumb Code    16  rt_ctype_table.o(.text)
    __rt_locale                              0x000014f1   Thumb Code     8  rt_locale_intlibspace.o(.text)
    _printf_fp_infnan                        0x000014f9   Thumb Code   120  _printf_fp_infnan.o(.text)
    _btod_etento                             0x00001581   Thumb Code   196  bigflt0.o(.text)
    _btod_d2e                                0x00001649   Thumb Code    64  btod.o(.text)
    _btod_emul                               0x00001a3f   Thumb Code    24  btod.o(.text)
    _btod_emuld                              0x00001a57   Thumb Code    60  btod.o(.text)
    _btod_ediv                               0x00001a93   Thumb Code    22  btod.o(.text)
    _btod_edivd                              0x00001aa9   Thumb Code    60  btod.o(.text)
    exit                                     0x00001af1   Thumb Code    16  exit.o(.text)
    __user_libspace                          0x00001b01   Thumb Code     8  libspace.o(.text)
    __user_perproc_libspace                  0x00001b01   Thumb Code     0  libspace.o(.text)
    __user_perthread_libspace                0x00001b01   Thumb Code     0  libspace.o(.text)
    strcmp                                   0x00001b09   Thumb Code   132  strcmp.o(.text)
    _sys_exit                                0x00001b91   Thumb Code     8  sys_exit.o(.text)
    ADC_Init                                 0x00001b9d   Thumb Code    90  adc.o(i.ADC_Init)
    KEY_Service                              0x00001c11   Thumb Code    96  ui.o(i.KEY_Service)
    Main_Menu                                0x00001c79   Thumb Code   330  ui.o(i.Main_Menu)
    Main_UI                                  0x00001e35   Thumb Code   140  ui.o(i.Main_UI)
    OLED_CLS                                 0x00001ef5   Thumb Code    56  oled.o(i.OLED_CLS)
    OLED_Fill                                0x00001f2d   Thumb Code    58  oled.o(i.OLED_Fill)
    OLED_Init                                0x00001f69   Thumb Code   282  oled.o(i.OLED_Init)
    OLED_P6x8Str                             0x00002091   Thumb Code    92  oled.o(i.OLED_P6x8Str)
    OLED_Set_Pos                             0x000020f1   Thumb Code    46  oled.o(i.OLED_Set_Pos)
    OLED_WrCmd                               0x00002121   Thumb Code   102  oled.o(i.OLED_WrCmd)
    OLED_WrDat                               0x0000218d   Thumb Code   102  oled.o(i.OLED_WrDat)
    SystemInit                               0x000021f9   Thumb Code   150  system_lpc11xx.o(i.SystemInit)
    UART_Init                                0x00002299   Thumb Code   152  uart.o(i.UART_Init)
    UART_SendByte                            0x00002341   Thumb Code    20  uart.o(i.UART_SendByte)
    UART_SendStr                             0x00002359   Thumb Code    28  uart.o(i.UART_SendStr)
    __ARM_common_ll_muluu                    0x00002375   Thumb Code    48  btod.o(i.__ARM_common_ll_muluu)
    __ARM_fpclassify                         0x000023a5   Thumb Code    40  fpclassify.o(i.__ARM_fpclassify)
    _is_digit                                0x000023d1   Thumb Code    14  __printf_wp.o(i._is_digit)
    delay                                    0x000023e1   Thumb Code    14  delay.o(i.delay)
    key_init                                 0x000023f5   Thumb Code    50  key.o(i.key_init)
    main                                     0x0000242d   Thumb Code    24  main.o(i.main)
    temp                                     0x00002445   Thumb Code   418  temp.o(i.temp)
    _get_lc_numeric                          0x0000264d   Thumb Code    44  lc_numeric_c.o(locale$$code)
    _get_lc_ctype                            0x00002679   Thumb Code    44  lc_ctype_c.o(locale$$code)
    __aeabi_fadd                             0x000026a5   Thumb Code     0  faddsub.o(x$fpl$fadd)
    _fadd                                    0x000026a5   Thumb Code   134  faddsub.o(x$fpl$fadd)
    __aeabi_fsub                             0x00002731   Thumb Code     0  faddsub.o(x$fpl$fsub)
    _fsub                                    0x00002731   Thumb Code   204  faddsub.o(x$fpl$fsub)
    _printf_fp_dec                           0x00002801   Thumb Code    16  printf1.o(x$fpl$printf1)
    _printf_fp_hex                           0x00002811   Thumb Code    16  printf2.o(x$fpl$printf2)
    F6x8                                     0x00002820   Data         552  oled.o(.constdata)
    F14x16_Idx                               0x00002a48   Data          27  oled.o(.constdata)
    F14x16                                   0x00002a63   Data         364  oled.o(.constdata)
    F8X16                                    0x00002bcf   Data        1520  oled.o(.constdata)
    Region$$Table$$Base                      0x000032fc   Number         0  anon$$obj.o(Region$$Table)
    Region$$Table$$Limit                     0x0000331c   Number         0  anon$$obj.o(Region$$Table)
    __ctype                                  0x00003345   Data           0  lc_ctype_c.o(locale$$data)
    AR                                       0x10000002   Data           3  ui.o(.data)
    AC                                       0x10000005   Data           3  ui.o(.data)
    SystemCoreClock                          0x10000008   Data           4  system_lpc11xx.o(.data)
    GcRcvBuf                                 0x1000000c   Data          20  temp.o(.bss)
    __libspace_start                         0x10000020   Data          96  libspace.o(.bss)
    __temporary_stack_top$libspace           0x10000080   Data           0  libspace.o(.bss)



==============================================================================

Memory Map of the image

  Image Entry point : 0x00000299

  Load Region LR_1 (Base: 0x00000000, Size: 0x00003454, Max: 0xffffffff, ABSOLUTE)

    Execution Region ER_RO (Base: 0x00000000, Size: 0x00003448, Max: 0xffffffff, ABSOLUTE)

    Base Addr    Size         Type   Attr      Idx    E Section Name        Object

    0x00000000   0x000000c0   Data   RO          361    RESET               startup_lpc11xx.o
    0x000000c0   0x00000008   Code   RO          417  * !!!main             c_p.l(__main.o)
    0x000000c8   0x0000003c   Code   RO          747    !!!scatter          c_p.l(__scatter.o)
    0x00000104   0x0000001a   Code   RO          749    !!handler_copy      c_p.l(__scatter_copy.o)
    0x0000011e   0x00000002   PAD
    0x00000120   0x0000001c   Code   RO          751    !!handler_zi        c_p.l(__scatter_zi.o)
    0x0000013c   0x00000002   Code   RO          518    .ARM.Collect$$_printf_percent$$00000000  c_p.l(_printf_percent.o)
    0x0000013e   0x0000000a   Code   RO          507    .ARM.Collect$$_printf_percent$$00000001  c_p.l(_printf_n.o)
    0x00000148   0x0000000a   Code   RO          509    .ARM.Collect$$_printf_percent$$00000002  c_p.l(_printf_p.o)
    0x00000152   0x0000000a   Code   RO          514    .ARM.Collect$$_printf_percent$$00000003  c_p.l(_printf_f.o)
    0x0000015c   0x0000000a   Code   RO          515    .ARM.Collect$$_printf_percent$$00000004  c_p.l(_printf_e.o)
    0x00000166   0x0000000a   Code   RO          516    .ARM.Collect$$_printf_percent$$00000005  c_p.l(_printf_g.o)
    0x00000170   0x0000000a   Code   RO          517    .ARM.Collect$$_printf_percent$$00000006  c_p.l(_printf_a.o)
    0x0000017a   0x0000000a   Code   RO          522    .ARM.Collect$$_printf_percent$$00000007  c_p.l(_printf_ll.o)
    0x00000184   0x0000000a   Code   RO          511    .ARM.Collect$$_printf_percent$$00000008  c_p.l(_printf_i.o)
    0x0000018e   0x0000000a   Code   RO          512    .ARM.Collect$$_printf_percent$$00000009  c_p.l(_printf_d.o)
    0x00000198   0x0000000a   Code   RO          513    .ARM.Collect$$_printf_percent$$0000000A  c_p.l(_printf_u.o)
    0x000001a2   0x0000000a   Code   RO          510    .ARM.Collect$$_printf_percent$$0000000B  c_p.l(_printf_o.o)
    0x000001ac   0x0000000a   Code   RO          508    .ARM.Collect$$_printf_percent$$0000000C  c_p.l(_printf_x.o)
    0x000001b6   0x0000000a   Code   RO          519    .ARM.Collect$$_printf_percent$$0000000D  c_p.l(_printf_lli.o)
    0x000001c0   0x0000000a   Code   RO          520    .ARM.Collect$$_printf_percent$$0000000E  c_p.l(_printf_lld.o)
    0x000001ca   0x0000000a   Code   RO          521    .ARM.Collect$$_printf_percent$$0000000F  c_p.l(_printf_llu.o)
    0x000001d4   0x0000000a   Code   RO          526    .ARM.Collect$$_printf_percent$$00000010  c_p.l(_printf_llo.o)
    0x000001de   0x0000000a   Code   RO          527    .ARM.Collect$$_printf_percent$$00000011  c_p.l(_printf_llx.o)
    0x000001e8   0x0000000a   Code   RO          523    .ARM.Collect$$_printf_percent$$00000012  c_p.l(_printf_l.o)
    0x000001f2   0x0000000a   Code   RO          505    .ARM.Collect$$_printf_percent$$00000013  c_p.l(_printf_c.o)
    0x000001fc   0x0000000a   Code   RO          506    .ARM.Collect$$_printf_percent$$00000014  c_p.l(_printf_s.o)
    0x00000206   0x0000000a   Code   RO          524    .ARM.Collect$$_printf_percent$$00000015  c_p.l(_printf_lc.o)
    0x00000210   0x0000000a   Code   RO          525    .ARM.Collect$$_printf_percent$$00000016  c_p.l(_printf_ls.o)
    0x0000021a   0x00000004   Code   RO          569    .ARM.Collect$$_printf_percent$$00000017  c_p.l(_printf_percent_end.o)
    0x0000021e   0x00000002   Code   RO          607    .ARM.Collect$$libinit$$00000000  c_p.l(libinit.o)
    0x00000220   0x00000000   Code   RO          630    .ARM.Collect$$libinit$$00000002  c_p.l(libinit2.o)
    0x00000220   0x00000000   Code   RO          632    .ARM.Collect$$libinit$$00000004  c_p.l(libinit2.o)
    0x00000220   0x00000000   Code   RO          635    .ARM.Collect$$libinit$$0000000A  c_p.l(libinit2.o)
    0x00000220   0x00000000   Code   RO          637    .ARM.Collect$$libinit$$0000000C  c_p.l(libinit2.o)
    0x00000220   0x00000000   Code   RO          639    .ARM.Collect$$libinit$$0000000E  c_p.l(libinit2.o)
    0x00000220   0x00000006   Code   RO          640    .ARM.Collect$$libinit$$0000000F  c_p.l(libinit2.o)
    0x00000226   0x00000000   Code   RO          642    .ARM.Collect$$libinit$$00000011  c_p.l(libinit2.o)
    0x00000226   0x0000000c   Code   RO          643    .ARM.Collect$$libinit$$00000012  c_p.l(libinit2.o)
    0x00000232   0x00000000   Code   RO          644    .ARM.Collect$$libinit$$00000013  c_p.l(libinit2.o)
    0x00000232   0x00000000   Code   RO          646    .ARM.Collect$$libinit$$00000015  c_p.l(libinit2.o)
    0x00000232   0x0000000a   Code   RO          647    .ARM.Collect$$libinit$$00000016  c_p.l(libinit2.o)
    0x0000023c   0x00000000   Code   RO          648    .ARM.Collect$$libinit$$00000017  c_p.l(libinit2.o)
    0x0000023c   0x00000000   Code   RO          650    .ARM.Collect$$libinit$$00000019  c_p.l(libinit2.o)
    0x0000023c   0x00000000   Code   RO          652    .ARM.Collect$$libinit$$0000001B  c_p.l(libinit2.o)
    0x0000023c   0x00000000   Code   RO          654    .ARM.Collect$$libinit$$0000001D  c_p.l(libinit2.o)
    0x0000023c   0x00000000   Code   RO          656    .ARM.Collect$$libinit$$0000001F  c_p.l(libinit2.o)
    0x0000023c   0x00000000   Code   RO          658    .ARM.Collect$$libinit$$00000021  c_p.l(libinit2.o)
    0x0000023c   0x00000000   Code   RO          660    .ARM.Collect$$libinit$$00000023  c_p.l(libinit2.o)
    0x0000023c   0x00000000   Code   RO          662    .ARM.Collect$$libinit$$00000025  c_p.l(libinit2.o)
    0x0000023c   0x00000000   Code   RO          666    .ARM.Collect$$libinit$$0000002C  c_p.l(libinit2.o)
    0x0000023c   0x00000000   Code   RO          668    .ARM.Collect$$libinit$$0000002E  c_p.l(libinit2.o)
    0x0000023c   0x00000000   Code   RO          670    .ARM.Collect$$libinit$$00000030  c_p.l(libinit2.o)
    0x0000023c   0x00000000   Code   RO          672    .ARM.Collect$$libinit$$00000032  c_p.l(libinit2.o)
    0x0000023c   0x00000002   Code   RO          673    .ARM.Collect$$libinit$$00000033  c_p.l(libinit2.o)
    0x0000023e   0x00000002   Code   RO          704    .ARM.Collect$$libshutdown$$00000000  c_p.l(libshutdown.o)
    0x00000240   0x00000000   Code   RO          730    .ARM.Collect$$libshutdown$$00000002  c_p.l(libshutdown2.o)
    0x00000240   0x00000000   Code   RO          732    .ARM.Collect$$libshutdown$$00000004  c_p.l(libshutdown2.o)
    0x00000240   0x00000000   Code   RO          735    .ARM.Collect$$libshutdown$$00000007  c_p.l(libshutdown2.o)
    0x00000240   0x00000000   Code   RO          738    .ARM.Collect$$libshutdown$$0000000A  c_p.l(libshutdown2.o)
    0x00000240   0x00000000   Code   RO          740    .ARM.Collect$$libshutdown$$0000000C  c_p.l(libshutdown2.o)
    0x00000240   0x00000000   Code   RO          743    .ARM.Collect$$libshutdown$$0000000F  c_p.l(libshutdown2.o)
    0x00000240   0x00000002   Code   RO          744    .ARM.Collect$$libshutdown$$00000010  c_p.l(libshutdown2.o)
    0x00000242   0x00000000   Code   RO          432    .ARM.Collect$$rtentry$$00000000  c_p.l(__rtentry.o)
    0x00000242   0x00000000   Code   RO          538    .ARM.Collect$$rtentry$$00000002  c_p.l(__rtentry2.o)
    0x00000242   0x00000006   Code   RO          550    .ARM.Collect$$rtentry$$00000004  c_p.l(__rtentry4.o)
    0x00000248   0x00000000   Code   RO          540    .ARM.Collect$$rtentry$$00000009  c_p.l(__rtentry2.o)
    0x00000248   0x00000004   Code   RO          541    .ARM.Collect$$rtentry$$0000000A  c_p.l(__rtentry2.o)
    0x0000024c   0x00000000   Code   RO          543    .ARM.Collect$$rtentry$$0000000C  c_p.l(__rtentry2.o)
    0x0000024c   0x00000008   Code   RO          544    .ARM.Collect$$rtentry$$0000000D  c_p.l(__rtentry2.o)
    0x00000254   0x00000002   Code   RO          616    .ARM.Collect$$rtexit$$00000000  c_p.l(rtexit.o)
    0x00000256   0x00000000   Code   RO          677    .ARM.Collect$$rtexit$$00000002  c_p.l(rtexit2.o)
    0x00000256   0x00000004   Code   RO          678    .ARM.Collect$$rtexit$$00000003  c_p.l(rtexit2.o)
    0x0000025a   0x00000006   Code   RO          679    .ARM.Collect$$rtexit$$00000004  c_p.l(rtexit2.o)
    0x00000260   0x00000038   Code   RO          407    .emb_text           c_p.l(rt_memcpy.o)
    0x00000298   0x00000034   Code   RO          363  * .text               startup_lpc11xx.o
    0x000002cc   0x0000002c   Code   RO          405    .text               c_p.l(sprintf.o)
    0x000002f8   0x00000002   Code   RO          693    .text               c_p.l(use_no_semi.o)
    0x000002fa   0x00000000   Code   RO          695    .text               c_p.l(indicate_semi.o)
    0x000002fa   0x00000000   Code   RO          536    x$fpl$usenofp       fz_ps.l(usenofp.o)
    0x000002fa   0x00000002   PAD
    0x000002fc   0x00000004   Code   RO          362    .ARM.__at_0x02FC    startup_lpc11xx.o
    0x00000300   0x0000015a   Code   RO          411    .text               c_p.l(aeabi_sdiv.o)
    0x0000045a   0x00000006   Code   RO          415    .text               c_p.l(heapauxi.o)
    0x00000460   0x00000054   Code   RO          419    .text               fz_ps.l(f2d.o)
    0x000004b4   0x00000160   Code   RO          427    .text               fz_ps.l(fdiv.o)
    0x00000614   0x0000005e   Code   RO          430    .text               fz_ps.l(fflti.o)
    0x00000672   0x0000004e   Code   RO          439    .text               c_p.l(_printf_pad.o)
    0x000006c0   0x00000024   Code   RO          441    .text               c_p.l(_printf_truncate.o)
    0x000006e4   0x00000052   Code   RO          443    .text               c_p.l(_printf_str.o)
    0x00000736   0x00000002   PAD
    0x00000738   0x0000006c   Code   RO          445    .text               c_p.l(_printf_dec.o)
    0x000007a4   0x00000026   Code   RO          447    .text               c_p.l(_printf_charcount.o)
    0x000007ca   0x00000002   PAD
    0x000007cc   0x00000030   Code   RO          449    .text               c_p.l(_printf_char_common.o)
    0x000007fc   0x0000000a   Code   RO          451    .text               c_p.l(_sputc.o)
    0x00000806   0x00000002   PAD
    0x00000808   0x000000bc   Code   RO          453    .text               c_p.l(_printf_wctomb.o)
    0x000008c4   0x00000070   Code   RO          456    .text               c_p.l(_printf_longlong_dec.o)
    0x00000934   0x00000070   Code   RO          462    .text               c_p.l(_printf_oct_int_ll.o)
    0x000009a4   0x00000098   Code   RO          482    .text               c_p.l(_printf_hex_int_ll_ptr.o)
    0x00000a3c   0x00000188   Code   RO          502    .text               c_p.l(__printf_flags_ss_wp.o)
    0x00000bc4   0x0000007a   Code   RO          554    .text               c_p.l(lludiv10.o)
    0x00000c3e   0x000000b0   Code   RO          556    .text               c_p.l(_printf_intcommon.o)
    0x00000cee   0x00000002   PAD
    0x00000cf0   0x00000414   Code   RO          558    .text               c_p.l(_printf_fp_dec.o)
    0x00001104   0x000002d8   Code   RO          560    .text               c_p.l(_printf_fp_hex.o)
    0x000013dc   0x0000002e   Code   RO          565    .text               c_p.l(_printf_char.o)
    0x0000140a   0x0000002e   Code   RO          567    .text               c_p.l(_printf_wchar.o)
    0x00001438   0x00000040   Code   RO          570    .text               c_p.l(_wcrtomb.o)
    0x00001478   0x00000028   Code   RO          572    .text               c_p.l(rtudiv10.o)
    0x000014a0   0x0000003e   Code   RO          574    .text               c_p.l(sys_stackheap_outer.o)
    0x000014de   0x00000002   PAD
    0x000014e0   0x00000010   Code   RO          577    .text               c_p.l(rt_ctype_table.o)
    0x000014f0   0x00000008   Code   RO          582    .text               c_p.l(rt_locale_intlibspace.o)
    0x000014f8   0x00000088   Code   RO          584    .text               c_p.l(_printf_fp_infnan.o)
    0x00001580   0x000000c8   Code   RO          586    .text               c_p.l(bigflt0.o)
    0x00001648   0x000004a8   Code   RO          589    .text               c_p.l(btod.o)
    0x00001af0   0x00000010   Code   RO          596    .text               c_p.l(exit.o)
    0x00001b00   0x00000008   Code   RO          612    .text               c_p.l(libspace.o)
    0x00001b08   0x00000088   Code   RO          627    .text               c_p.l(strcmp.o)
    0x00001b90   0x0000000c   Code   RO          674    .text               c_p.l(sys_exit.o)
    0x00001b9c   0x00000074   Code   RO          222    i.ADC_Init          adc.o
    0x00001c10   0x00000068   Code   RO          274    i.KEY_Service       ui.o
    0x00001c78   0x000001bc   Code   RO          275    i.Main_Menu         ui.o
    0x00001e34   0x000000c0   Code   RO          276    i.Main_UI           ui.o
    0x00001ef4   0x00000038   Code   RO           76    i.OLED_CLS          oled.o
    0x00001f2c   0x0000003a   Code   RO           78    i.OLED_Fill         oled.o
    0x00001f66   0x00000002   PAD
    0x00001f68   0x00000128   Code   RO           80    i.OLED_Init         oled.o
    0x00002090   0x00000060   Code   RO           82    i.OLED_P6x8Str      oled.o
    0x000020f0   0x0000002e   Code   RO           88    i.OLED_Set_Pos      oled.o
    0x0000211e   0x00000002   PAD
    0x00002120   0x0000006c   Code   RO           89    i.OLED_WrCmd        oled.o
    0x0000218c   0x0000006c   Code   RO           90    i.OLED_WrDat        oled.o
    0x000021f8   0x000000a0   Code   RO          372    i.SystemInit        system_lpc11xx.o
    0x00002298   0x000000a8   Code   RO          242    i.UART_Init         uart.o
    0x00002340   0x00000018   Code   RO          243    i.UART_SendByte     uart.o
    0x00002358   0x0000001c   Code   RO          244    i.UART_SendStr      uart.o
    0x00002374   0x00000030   Code   RO          591    i.__ARM_common_ll_muluu  c_p.l(btod.o)
    0x000023a4   0x0000002c   Code   RO          610    i.__ARM_fpclassify  m_ps.l(fpclassify.o)
    0x000023d0   0x0000000e   Code   RO          495    i._is_digit         c_p.l(__printf_wp.o)
    0x000023de   0x00000002   PAD
    0x000023e0   0x00000014   Code   RO          202    i.delay             delay.o
    0x000023f4   0x00000038   Code   RO          336    i.key_init          key.o
    0x0000242c   0x00000018   Code   RO            3    i.main              main.o
    0x00002444   0x00000208   Code   RO          312    i.temp              temp.o
    0x0000264c   0x0000002c   Code   RO          594    locale$$code        c_p.l(lc_numeric_c.o)
    0x00002678   0x0000002c   Code   RO          621    locale$$code        c_p.l(lc_ctype_c.o)
    0x000026a4   0x0000008c   Code   RO          421    x$fpl$fadd          fz_ps.l(faddsub.o)
    0x00002730   0x000000d0   Code   RO          423    x$fpl$fsub          fz_ps.l(faddsub.o)
    0x00002800   0x00000010   Code   RO          528    x$fpl$printf1       fz_ps.l(printf1.o)
    0x00002810   0x00000010   Code   RO          530    x$fpl$printf2       fz_ps.l(printf2.o)
    0x00002820   0x0000099f   Data   RO           92    .constdata          oled.o
    0x000031bf   0x00000040   Data   RO          428    .constdata          fz_ps.l(fdiv.o)
    0x000031ff   0x00000001   PAD
    0x00003200   0x00000008   Data   RO          454    .constdata          c_p.l(_printf_wctomb.o)
    0x00003208   0x00000028   Data   RO          483    .constdata          c_p.l(_printf_hex_int_ll_ptr.o)
    0x00003230   0x00000011   Data   RO          503    .constdata          c_p.l(__printf_flags_ss_wp.o)
    0x00003241   0x00000026   Data   RO          561    .constdata          c_p.l(_printf_fp_hex.o)
    0x00003267   0x00000001   PAD
    0x00003268   0x00000094   Data   RO          587    .constdata          c_p.l(bigflt0.o)
    0x000032fc   0x00000020   Data   RO          745    Region$$Table       anon$$obj.o
    0x0000331c   0x0000001c   Data   RO          593    locale$$data        c_p.l(lc_numeric_c.o)
    0x00003338   0x00000110   Data   RO          620    locale$$data        c_p.l(lc_ctype_c.o)


    Execution Region ER_RW (Base: 0x10000000, Size: 0x0000000c, Max: 0xffffffff, ABSOLUTE)

    Base Addr    Size         Type   Attr      Idx    E Section Name        Object

    0x10000000   0x00000008   Data   RW          277    .data               ui.o
    0x10000008   0x00000004   Data   RW          373    .data               system_lpc11xx.o


    Execution Region ER_ZI (Base: 0x1000000c, Size: 0x00000274, Max: 0xffffffff, ABSOLUTE)

    Base Addr    Size         Type   Attr      Idx    E Section Name        Object

    0x1000000c   0x00000014   Zero   RW          313    .bss                temp.o
    0x10000020   0x00000060   Zero   RW          613    .bss                c_p.l(libspace.o)
    0x10000080   0x00000000   Zero   RW          360    HEAP                startup_lpc11xx.o
    0x10000080   0x00000200   Zero   RW          359    STACK               startup_lpc11xx.o


==============================================================================

Image component sizes


      Code (inc. data)   RO Data    RW Data    ZI Data      Debug   Object Name

       116         26          0          0          0        379   adc.o
        20          6          0          0          0        352   delay.o
        56          6          0          0          0        351   key.o
        24          0          0          0          0       4923   main.o
       768         30       2463          0          0       5315   oled.o
        56         26        192          0        512        824   startup_lpc11xx.o
       160         10          0          4          0       1851   system_lpc11xx.o
       520        102          0          0         20       1318   temp.o
       220         20          0          0          0       1275   uart.o
       740        174          0          8          0       2244   ui.o

    ----------------------------------------------------------------------
      2684        400       2687         12        532      18832   Object Totals
         0          0         32          0          0          0   (incl. Generated)
         4          0          0          0          0          0   (incl. Padding)

    ----------------------------------------------------------------------

      Code (inc. data)   RO Data    RW Data    ZI Data      Debug   Library Member Name

         8          0          0          0          0         68   __main.o
       392          6         17          0          0         76   __printf_flags_ss_wp.o
        14          0          0          0          0         60   __printf_wp.o
         0          0          0          0          0          0   __rtentry.o
        12          0          0          0          0          0   __rtentry2.o
         6          0          0          0          0          0   __rtentry4.o
        60          8          0          0          0          0   __scatter.o
        26          0          0          0          0          0   __scatter_copy.o
        28          0          0          0          0          0   __scatter_zi.o
        10          0          0          0          0          0   _printf_a.o
        10          0          0          0          0          0   _printf_c.o
        46          0          0          0          0        100   _printf_char.o
        48          6          0          0          0         88   _printf_char_common.o
        38          0          0          0          0         60   _printf_charcount.o
        10          0          0          0          0          0   _printf_d.o
       108         18          0          0          0         76   _printf_dec.o
        10          0          0          0          0          0   _printf_e.o
        10          0          0          0          0          0   _printf_f.o
      1044         14          0          0          0        176   _printf_fp_dec.o
       728         10         38          0          0         84   _printf_fp_hex.o
       136         16          0          0          0         76   _printf_fp_infnan.o
        10          0          0          0          0          0   _printf_g.o
       152          4         40          0          0        148   _printf_hex_int_ll_ptr.o
        10          0          0          0          0          0   _printf_i.o
       176          0          0          0          0         84   _printf_intcommon.o
        10          0          0          0          0          0   _printf_l.o
        10          0          0          0          0          0   _printf_lc.o
        10          0          0          0          0          0   _printf_ll.o
        10          0          0          0          0          0   _printf_lld.o
        10          0          0          0          0          0   _printf_lli.o
        10          0          0          0          0          0   _printf_llo.o
        10          0          0          0          0          0   _printf_llu.o
        10          0          0          0          0          0   _printf_llx.o
       112         18          0          0          0         76   _printf_longlong_dec.o
        10          0          0          0          0          0   _printf_ls.o
        10          0          0          0          0          0   _printf_n.o
        10          0          0          0          0          0   _printf_o.o
       112         10          0          0          0        112   _printf_oct_int_ll.o
        10          0          0          0          0          0   _printf_p.o
        78          0          0          0          0        100   _printf_pad.o
         2          0          0          0          0          0   _printf_percent.o
         4          0          0          0          0          0   _printf_percent_end.o
        10          0          0          0          0          0   _printf_s.o
        82          0          0          0          0         72   _printf_str.o
        36          0          0          0          0         76   _printf_truncate.o
        10          0          0          0          0          0   _printf_u.o
        46          0          0          0          0        100   _printf_wchar.o
       188          6          8          0          0         80   _printf_wctomb.o
        10          0          0          0          0          0   _printf_x.o
        10          0          0          0          0         60   _sputc.o
        64          0          0          0          0         72   _wcrtomb.o
       346          0          0          0          0         92   aeabi_sdiv.o
       200          4        148          0          0         80   bigflt0.o
      1240         12          0          0          0        316   btod.o
        16          0          0          0          0         68   exit.o
         6          0          0          0          0        136   heapauxi.o
         0          0          0          0          0          0   indicate_semi.o
        44         10        272          0          0         76   lc_ctype_c.o
        44         10         28          0          0         76   lc_numeric_c.o
         2          0          0          0          0          0   libinit.o
        30          0          0          0          0          0   libinit2.o
         2          0          0          0          0          0   libshutdown.o
         2          0          0          0          0          0   libshutdown2.o
         8          4          0          0         96         68   libspace.o
       122          0          0          0          0         72   lludiv10.o
        16          4          0          0          0         76   rt_ctype_table.o
         8          4          0          0          0         68   rt_locale_intlibspace.o
        56          0          0          0          0         68   rt_memcpy.o
         2          0          0          0          0          0   rtexit.o
        10          0          0          0          0          0   rtexit2.o
        40          0          0          0          0         60   rtudiv10.o
        44          4          0          0          0         84   sprintf.o
       136          4          0          0          0         72   strcmp.o
        12          4          0          0          0         60   sys_exit.o
        62          0          0          0          0         80   sys_stackheap_outer.o
         2          0          0          0          0         68   use_no_semi.o
        84          4          0          0          0         60   f2d.o
       348          8          0          0          0        160   faddsub.o
       352         10         64          0          0         92   fdiv.o
        94          0          0          0          0         92   fflti.o
        16          4          0          0          0         76   printf1.o
        16          4          0          0          0         76   printf2.o
         0          0          0          0          0          0   usenofp.o
        44          4          0          0          0         60   fpclassify.o

    ----------------------------------------------------------------------
      7396        210        617          0         96       4080   Library Totals
        16          0          2          0          0          0   (incl. Padding)

    ----------------------------------------------------------------------

      Code (inc. data)   RO Data    RW Data    ZI Data      Debug   Library Name

      6426        176        551          0         96       3464   c_p.l
       910         30         64          0          0        556   fz_ps.l
        44          4          0          0          0         60   m_ps.l

    ----------------------------------------------------------------------
      7396        210        617          0         96       4080   Library Totals

    ----------------------------------------------------------------------

==============================================================================


      Code (inc. data)   RO Data    RW Data    ZI Data      Debug   

     10080        610       3304         12        628      20188   Grand Totals
     10080        610       3304         12        628      20188   ELF Image Totals
     10080        610       3304         12          0          0   ROM Totals

==============================================================================

    Total RO  Size (Code + RO Data)                13384 (  13.07kB)
    Total RW  Size (RW Data + ZI Data)               640 (   0.63kB)
    Total ROM Size (Code + RO Data + RW Data)      13396 (  13.08kB)

==============================================================================

